Archive member included because of file (symbol)

libbb/lib.a(appletlib.o)      /home/luokunling/open-HG633/BR-R5-HG633HG658v2-20140408/output/host/usr/arm-unknown-linux-uclibcgnueabi/sysroot/usr/lib/crt1.o (main)
libbb/lib.a(bb_basename.o)    libbb/lib.a(appletlib.o) (bb_basename)
libbb/lib.a(concat_path_file.o)
                              libbb/lib.a(appletlib.o) (concat_path_file)
libbb/lib.a(default_error_retval.o)
                              libbb/lib.a(appletlib.o) (xfunc_error_retval)
libbb/lib.a(error_msg_and_die.o)
                              libbb/lib.a(appletlib.o) (xfunc_die)
libbb/lib.a(get_last_path_component.o)
                              libbb/lib.a(appletlib.o) (bb_get_last_path_component_nostrip)
libbb/lib.a(last_char_is.o)   libbb/lib.a(concat_path_file.o) (last_char_is)
libbb/lib.a(messages.o)       libbb/lib.a(appletlib.o) (bb_banner)
libbb/lib.a(perror_msg.o)     libbb/lib.a(appletlib.o) (bb_simple_perror_msg)
libbb/lib.a(verror_msg.o)     libbb/lib.a(error_msg_and_die.o) (bb_verror_msg)
libbb/lib.a(xfuncs.o)         libbb/lib.a(concat_path_file.o) (xasprintf)
libbb/lib.a(xreadlink.o)      libbb/lib.a(appletlib.o) (xmalloc_readlink)
libbb/lib.a(copyfd.o)         libbb/lib.a(xfuncs.o) (bb_copyfd_eof)
libbb/lib.a(error_msg.o)      libbb/lib.a(xfuncs.o) (bb_error_msg)
libbb/lib.a(full_write.o)     libbb/lib.a(verror_msg.o) (full_write)
libbb/lib.a(perror_msg_and_die.o)
                              libbb/lib.a(xfuncs.o) (bb_perror_msg_and_die)
libbb/lib.a(read.o)           libbb/lib.a(xfuncs.o) (safe_read)
libbb/lib.a(safe_write.o)     libbb/lib.a(full_write.o) (safe_write)
loginutils/lib.a(su.o)        libbb/lib.a(appletlib.o) (su_main)
miscutils/lib.a(crond.o)      libbb/lib.a(appletlib.o) (crond_main)
miscutils/lib.a(crontab.o)    libbb/lib.a(appletlib.o) (crontab_main)
miscutils/lib.a(makedevs.o)   libbb/lib.a(appletlib.o) (makedevs_main)
miscutils/lib.a(taskset.o)    libbb/lib.a(appletlib.o) (taskset_main)
modutils/lib.a(insmod.o)      libbb/lib.a(appletlib.o) (insmod_main)
networking/lib.a(ifconfig.o)  libbb/lib.a(appletlib.o) (ifconfig_main)
networking/lib.a(interface.o)
                              networking/lib.a(ifconfig.o) (display_interfaces)
networking/lib.a(netstat.o)   libbb/lib.a(appletlib.o) (netstat_main)
networking/lib.a(route.o)     networking/lib.a(netstat.o) (bb_displayroutes)
networking/lib.a(smuxctl.o)   libbb/lib.a(appletlib.o) (smuxctl_main)
networking/lib.a(traceroute.o)
                              libbb/lib.a(appletlib.o) (traceroute_main)
networking/lib.a(vconfig.o)   libbb/lib.a(appletlib.o) (vconfig_main)
networking/lib.a(zcip.o)      libbb/lib.a(appletlib.o) (zcip_main)
networking/udhcp/lib.a(dhcpc.o)
                              libbb/lib.a(appletlib.o) (udhcpc_main)
networking/udhcp/lib.a(dhcpd.o)
                              libbb/lib.a(appletlib.o) (udhcpd_main)
networking/udhcp/lib.a(files.o)
                              networking/udhcp/lib.a(dhcpd.o) (find_option)
networking/udhcp/lib.a(leases.o)
                              networking/udhcp/lib.a(dhcpd.o) (find_lease_by_yiaddr)
networking/udhcp/lib.a(options.o)
                              networking/udhcp/lib.a(dhcpc.o) (udhcp_get_option)
networking/udhcp/lib.a(packet.o)
                              networking/udhcp/lib.a(dhcpc.o) (udhcp_recv_packet)
networking/udhcp/lib.a(script.o)
                              networking/udhcp/lib.a(dhcpc.o) (udhcp_run_script)
networking/udhcp/lib.a(serverpacket.o)
                              networking/udhcp/lib.a(dhcpd.o) (send_inform)
networking/udhcp/lib.a(signalpipe.o)
                              networking/udhcp/lib.a(dhcpc.o) (udhcp_sp_read)
networking/udhcp/lib.a(socket.o)
                              networking/udhcp/lib.a(dhcpc.o) (udhcp_listen_socket)
networking/udhcp/lib.a(static_leases.o)
                              networking/udhcp/lib.a(leases.o) (reservedIp)
networking/udhcp/lib.a(arpping.o)
                              networking/udhcp/lib.a(leases.o) (arpping)
networking/udhcp/lib.a(clientpacket.o)
                              networking/udhcp/lib.a(dhcpc.o) (get_raw_packet)
networking/udhcp/lib.a(clientsocket.o)
                              networking/udhcp/lib.a(dhcpc.o) (raw_socket)
networking/udhcp/lib.a(common.o)
                              networking/udhcp/lib.a(serverpacket.o) (MAC_BCAST_ADDR)
procps/lib.a(kill.o)          libbb/lib.a(appletlib.o) (kill_main)
procps/lib.a(ps.o)            libbb/lib.a(appletlib.o) (ps_main)
procps/lib.a(renice.o)        libbb/lib.a(appletlib.o) (renice_main)
procps/lib.a(top.o)           libbb/lib.a(appletlib.o) (top_main)
shell/lib.a(ash.o)            libbb/lib.a(appletlib.o) (ash_main)
util-linux/lib.a(mount.o)     libbb/lib.a(appletlib.o) (mount_main)
util-linux/lib.a(umount.o)    libbb/lib.a(appletlib.o) (umount_main)
atpconfig/lib.a(arp.o)        libbb/lib.a(appletlib.o) (arp_main)
atpconfig/lib.a(atpcommon.o)  libbb/lib.a(xfuncs.o) (ATPUpgradePrecheckProc)
[...]
Memory Configuration

Name             Origin             Length             Attributes
*default*        0x00000000         0xffffffff

Linker script and memory map

LOAD /home/luokunling/open-HG633/BR-R5-HG633HG658v2-20140408/output/host/usr/arm-unknown-linux-uclibcgnueabi/sysroot/usr/lib/crt1.o
LOAD /home/luokunling/open-HG633/BR-R5-HG633HG658v2-20140408/output/host/usr/arm-unknown-linux-uclibcgnueabi/sysroot/usr/lib/crti.o
LOAD /opt/toolchain_hisi_ipsec/arm-hsan-linux-uclibcgnueabi/bin/../lib/gcc/arm-hsan-linux-uclibcgnueabi/4.4.6/crtbegin.o
START GROUP
LOAD applets/built-in.o
LOAD archival/lib.a
LOAD archival/libunarchive/lib.a
LOAD console-tools/lib.a
LOAD coreutils/lib.a
LOAD coreutils/libcoreutils/lib.a
LOAD debianutils/lib.a
LOAD e2fsprogs/lib.a
LOAD editors/lib.a
LOAD findutils/lib.a
LOAD init/lib.a
LOAD ipsvd/lib.a
LOAD libbb/lib.a
LOAD libpwdgrp/lib.a
LOAD loginutils/lib.a
LOAD miscutils/lib.a
LOAD modutils/lib.a
LOAD networking/lib.a
LOAD networking/libiproute/lib.a
LOAD networking/udhcp/lib.a
LOAD procps/lib.a
LOAD runit/lib.a
LOAD selinux/lib.a
LOAD shell/lib.a
LOAD sysklogd/lib.a
LOAD util-linux/lib.a
LOAD atpconfig/lib.a
LOAD archival/built-in.o
LOAD archival/libunarchive/built-in.o
LOAD console-tools/built-in.o
LOAD coreutils/built-in.o
LOAD coreutils/libcoreutils/built-in.o
LOAD debianutils/built-in.o
LOAD e2fsprogs/built-in.o
LOAD editors/built-in.o
LOAD findutils/built-in.o
LOAD init/built-in.o
LOAD ipsvd/built-in.o
LOAD libbb/built-in.o
LOAD libpwdgrp/built-in.o
LOAD loginutils/built-in.o
LOAD miscutils/built-in.o
LOAD modutils/built-in.o
LOAD networking/built-in.o
LOAD networking/libiproute/built-in.o
LOAD networking/udhcp/built-in.o
LOAD procps/built-in.o
LOAD runit/built-in.o
LOAD selinux/built-in.o
LOAD shell/built-in.o
LOAD sysklogd/built-in.o
LOAD util-linux/built-in.o
LOAD atpconfig/built-in.o
END GROUP
START GROUP
LOAD /home/luokunling/open-HG633/BR-R5-HG633HG658v2-20140408/output/host/usr/arm-unknown-linux-uclibcgnueabi/sysroot/usr/lib/libcrypt.so
LOAD /home/luokunling/open-HG633/BR-R5-HG633HG658v2-20140408/output/host/usr/arm-unknown-linux-uclibcgnueabi/sysroot/lib//libgplutil.so
LOAD /home/luokunling/open-HG633/BR-R5-HG633HG658v2-20140408/output/host/usr/arm-unknown-linux-uclibcgnueabi/sysroot/lib//libssl.so
END GROUP
LOAD /opt/toolchain_hisi_ipsec/arm-hsan-linux-uclibcgnueabi/bin/../lib/gcc/arm-hsan-linux-uclibcgnueabi/4.4.6/libgcc.a
LOAD /home/luokunling/open-HG633/BR-R5-HG633HG658v2-20140408/output/host/usr/arm-unknown-linux-uclibcgnueabi/sysroot/lib//libgcc_s.so
START GROUP
LOAD /home/luokunling/open-HG633/BR-R5-HG633HG658v2-20140408/output/host/usr/arm-unknown-linux-uclibcgnueabi/sysroot/lib//libgcc_s.so.1
LOAD /opt/toolchain_hisi_ipsec/arm-hsan-linux-uclibcgnueabi/bin/../lib/gcc/arm-hsan-linux-uclibcgnueabi/4.4.6/libgcc.a
END GROUP
LOAD /home/luokunling/open-HG633/BR-R5-HG633HG658v2-20140408/output/host/usr/arm-unknown-linux-uclibcgnueabi/sysroot/usr/lib/libc.so
START GROUP
LOAD /home/luokunling/open-HG633/BR-R5-HG633HG658v2-20140408/output/host/usr/arm-unknown-linux-uclibcgnueabi/sysroot/usr/lib/uclibc_nonshared.a
LOAD /home/luokunling/open-HG633/BR-R5-HG633HG658v2-20140408/output/host/usr/arm-unknown-linux-uclibcgnueabi/sysroot/lib//libc.so.0
LOAD /home/luokunling/open-HG633/BR-R5-HG633HG658v2-20140408/output/host/usr/arm-unknown-linux-uclibcgnueabi/sysroot/lib//ld-uClibc.so.0
END GROUP
LOAD /opt/toolchain_hisi_ipsec/arm-hsan-linux-uclibcgnueabi/bin/../lib/gcc/arm-hsan-linux-uclibcgnueabi/4.4.6/libgcc.a
LOAD /home/luokunling/open-HG633/BR-R5-HG633HG658v2-20140408/output/host/usr/arm-unknown-linux-uclibcgnueabi/sysroot/lib//libgcc_s.so
START GROUP
LOAD /home/luokunling/open-HG633/BR-R5-HG633HG658v2-20140408/output/host/usr/arm-unknown-linux-uclibcgnueabi/sysroot/lib//libgcc_s.so.1
LOAD /opt/toolchain_hisi_ipsec/arm-hsan-linux-uclibcgnueabi/bin/../lib/gcc/arm-hsan-linux-uclibcgnueabi/4.4.6/libgcc.a
END GROUP
LOAD /opt/toolchain_hisi_ipsec/arm-hsan-linux-uclibcgnueabi/bin/../lib/gcc/arm-hsan-linux-uclibcgnueabi/4.4.6/crtend.o
LOAD /home/luokunling/open-HG633/BR-R5-HG633HG658v2-20140408/output/host/usr/arm-unknown-linux-uclibcgnueabi/sysroot/usr/lib/crtn.o
                0x00008000                PROVIDE (__executable_start, 0x8000)
                0x00008114                . = (0x8000 + SIZEOF_HEADERS)

.interp         0x00008114       0x14
 *(SORT(.interp))
 .interp        0x00008114       0x14 /home/luokunling/open-HG633/BR-R5-HG633HG658v2-20140408/output/host/usr/arm-unknown-linux-uclibcgnueabi/sysroot/usr/lib/libcrypt.so

.note.gnu.build-id
 *(SORT(.note.gnu.build-id))

.hash           0x00008128      0x8c0
 *(SORT(.hash))
 .hash          0x00008128      0x8c0 /home/luokunling/open-HG633/BR-R5-HG633HG658v2-20140408/output/host/usr/arm-unknown-linux-uclibcgnueabi/sysroot/usr/lib/libcrypt.so

.gnu.hash
 *(SORT(.gnu.hash))

.dynsym         0x000089e8     0x1270
 *(SORT(.dynsym))
 .dynsym        0x000089e8     0x1270 /home/luokunling/open-HG633/BR-R5-HG633HG658v2-20140408/output/host/usr/arm-unknown-linux-uclibcgnueabi/sysroot/usr/lib/libcrypt.so

.dynstr         0x00009c58      0x9c6
 *(SORT(.dynstr))
 .dynstr        0x00009c58      0x9c6 /home/luokunling/open-HG633/BR-R5-HG633HG658v2-20140408/output/host/usr/arm-unknown-linux-uclibcgnueabi/sysroot/usr/lib/libcrypt.so

.gnu.version    0x0000a61e      0x24e
 *(SORT(.gnu.version))
 .gnu.version   0x0000a61e      0x24e /home/luokunling/open-HG633/BR-R5-HG633HG658v2-20140408/output/host/usr/arm-unknown-linux-uclibcgnueabi/sysroot/usr/lib/libcrypt.so

.gnu.version_d  0x0000a86c        0x0
 *(SORT(.gnu.version_d))
 .gnu.version_d
                0x00000000        0x0 /home/luokunling/open-HG633/BR-R5-HG633HG658v2-20140408/output/host/usr/arm-unknown-linux-uclibcgnueabi/sysroot/usr/lib/libcrypt.so

.gnu.version_r  0x0000a86c       0x20
 *(SORT(.gnu.version_r))
 .gnu.version_r
                0x0000a86c       0x20 /home/luokunling/open-HG633/BR-R5-HG633HG658v2-20140408/output/host/usr/arm-unknown-linux-uclibcgnueabi/sysroot/usr/lib/libcrypt.so

.rel.dyn        0x0000a88c       0x58
 *(SORT(.rel.init))
 *(SORT(.rel.text) SORT(.rel.text.*) SORT(.rel.gnu.linkonce.t.*))
 *(SORT(.rel.fini))
 *(SORT(.rel.rodata) SORT(.rel.rodata.*) SORT(.rel.gnu.linkonce.r.*))
 *(SORT(.rel.data.rel.ro*) SORT(.rel.gnu.linkonce.d.rel.ro.*))
 *(SORT(.rel.data) SORT(.rel.data.*) SORT(.rel.gnu.linkonce.d.*))
 *(SORT(.rel.tdata) SORT(.rel.tdata.*) SORT(.rel.gnu.linkonce.td.*))
 *(SORT(.rel.tbss) SORT(.rel.tbss.*) SORT(.rel.gnu.linkonce.tb.*))
 *(SORT(.rel.ctors))
 *(SORT(.rel.dtors))
 *(SORT(.rel.got))
 .rel.got       0x00000000        0x0 /home/luokunling/open-HG633/BR-R5-HG633HG658v2-20140408/output/host/usr/arm-unknown-linux-uclibcgnueabi/sysroot/usr/lib/libcrypt.so
 *(SORT(.rel.bss) SORT(.rel.bss.*) SORT(.rel.gnu.linkonce.b.*))
 .rel.bss       0x0000a88c       0x58 /home/luokunling/open-HG633/BR-R5-HG633HG658v2-20140408/output/host/usr/arm-unknown-linux-uclibcgnueabi/sysroot/usr/lib/libcrypt.so
                0x0000a8e4                PROVIDE (__rel_iplt_start, .)
 *(SORT(.rel.iplt))
                0x0000a8e4                PROVIDE (__rel_iplt_end, .)
                0x0000a8e4                PROVIDE (__rela_iplt_start, .)
                0x0000a8e4                PROVIDE (__rela_iplt_end, .)

.rela.dyn       0x0000a8e4        0x0
 *(SORT(.rela.init))
 *(SORT(.rela.text) SORT(.rela.text.*) SORT(.rela.gnu.linkonce.t.*))
 *(SORT(.rela.fini))
 *(SORT(.rela.rodata) SORT(.rela.rodata.*) SORT(.rela.gnu.linkonce.r.*))
 *(SORT(.rela.data) SORT(.rela.data.*) SORT(.rela.gnu.linkonce.d.*))
 *(SORT(.rela.tdata) SORT(.rela.tdata.*) SORT(.rela.gnu.linkonce.td.*))
 *(SORT(.rela.tbss) SORT(.rela.tbss.*) SORT(.rela.gnu.linkonce.tb.*))
 *(SORT(.rela.ctors))
 *(SORT(.rela.dtors))
 *(SORT(.rela.got))
 *(SORT(.rela.bss) SORT(.rela.bss.*) SORT(.rela.gnu.linkonce.b.*))
                0x0000a8e4                PROVIDE (__rel_iplt_start, .)
                0x0000a8e4                PROVIDE (__rel_iplt_end, .)
                0x0000a8e4                PROVIDE (__rela_iplt_start, .)
 *(SORT(.rela.iplt))
                0x0000a8e4                PROVIDE (__rela_iplt_end, .)

.rel.plt        0x0000a8e4      0x858
 *(SORT(.rel.plt))
 .rel.plt       0x0000a8e4      0x858 /home/luokunling/open-HG633/BR-R5-HG633HG658v2-20140408/output/host/usr/arm-unknown-linux-uclibcgnueabi/sysroot/usr/lib/libcrypt.so

.rela.plt
 *(SORT(.rela.plt))

.init           0x0000b13c       0x10
 *(SORT(.init))
 .init          0x0000b13c        0xc /home/luokunling/open-HG633/BR-R5-HG633HG658v2-20140408/output/host/usr/arm-unknown-linux-uclibcgnueabi/sysroot/usr/lib/crti.o
                0x0000b13c                _init
 .init          0x0000b148        0x4 /home/luokunling/open-HG633/BR-R5-HG633HG658v2-20140408/output/host/usr/arm-unknown-linux-uclibcgnueabi/sysroot/usr/lib/crtn.o

.plt            0x0000b14c      0xc98
 *(SORT(.plt))
 .plt           0x0000b14c      0xc98 /home/luokunling/open-HG633/BR-R5-HG633HG658v2-20140408/output/host/usr/arm-unknown-linux-uclibcgnueabi/sysroot/usr/lib/libcrypt.so
                0x0000b160                dirname
                0x0000b16c                getpriority
                0x0000b178                ATP_MSG_SimpleBuilder
                0x0000b184                poll
                0x0000b190                _setjmp
                0x0000b19c                tolower
                0x0000b1a8                tcgetpgrp
                0x0000b1b4                vasprintf
                0x0000b1c0                rewind
                0x0000b1cc                bind
                0x0000b1d8                sysconf
                0x0000b1e4                gethostbyname
                0x0000b1f0                strftime
                0x0000b1fc                mknod
                0x0000b208                CyaSSL_library_init
                0x0000b214                __errno_location
                0x0000b220                inet_aton
                0x0000b22c                fcntl64
                0x0000b238                getenv
                0x0000b244                fwrite
                0x0000b250                regexec
                0x0000b25c                toupper
                0x0000b268                system
                0x0000b274                execle
                0x0000b280                crypt
                0x0000b28c                usleep
                0x0000b298                memcpy
                0x0000b2a4                umount2
                0x0000b2b0                connect
                0x0000b2bc                CyaSSLv3_client_method
                0x0000b2c8                sigfillset
                0x0000b2d4                getpgrp
                0x0000b2e0                sleep
                0x0000b2ec                realloc
                0x0000b2f8                CyaSSL_new
                0x0000b304                getprotobyname
                0x0000b310                syscall
                0x0000b31c                send
                0x0000b328                vfprintf
                0x0000b334                endmntent
                0x0000b340                getegid
                0x0000b34c                readlink
                0x0000b358                strspn
                0x0000b364                getsockname
                0x0000b370                gettimeofday
                0x0000b37c                strcat
                0x0000b388                fstat64
                0x0000b394                feof
                0x0000b3a0                wait4
                0x0000b3ac                realpath
                0x0000b3b8                lchown
                0x0000b3c4                execve
                0x0000b3d0                remove
                0x0000b3dc                chown
                0x0000b3e8                getspnam_r
                0x0000b3f4                rmdir
                0x0000b400                symlink
                0x0000b40c                openlog
                0x0000b418                putenv
                0x0000b424                getcwd
                0x0000b430                __cmsg_nxthdr
                0x0000b43c                getnameinfo
                0x0000b448                setenv
                0x0000b454                strcasecmp
                0x0000b460                freeaddrinfo
                0x0000b46c                strtoul
                0x0000b478                ATP_UTIL_GetSysTime
                0x0000b484                mkdir
                0x0000b490                malloc
                0x0000b49c                CyaSSL_CTX_set_verify
                0x0000b4a8                strrchr
                0x0000b4b4                strncmp
                0x0000b4c0                __uClibc_main
                0x0000b4cc                inet_pton
                0x0000b4d8                fopen64
                0x0000b4e4                getmntent_r
                0x0000b4f0                sched_setaffinity
                0x0000b4fc                setlinebuf
                0x0000b508                ioctl
                0x0000b514                freeifaddrs
                0x0000b520                recv
                0x0000b52c                strlen
                0x0000b538                ctime
                0x0000b544                opendir
                0x0000b550                setmntent
                0x0000b55c                strtod
                0x0000b568                pause
                0x0000b574                __cxa_atexit
                0x0000b580                sendto
                0x0000b58c                strtol
                0x0000b598                gmtime
                0x0000b5a4                isalnum
                0x0000b5b0                CyaSSL_MD5_Update
                0x0000b5bc                snprintf
                0x0000b5c8                setpgid
                0x0000b5d4                dup2
                0x0000b5e0                read
                0x0000b5ec                endgrent
                0x0000b5f8                lseek64
                0x0000b604                sched_getaffinity
                0x0000b610                execv
                0x0000b61c                select
                0x0000b628                getifaddrs
                0x0000b634                _exit
                0x0000b640                strncasecmp
                0x0000b64c                initgroups
                0x0000b658                CyaSSL_CTX_new
                0x0000b664                utime
                0x0000b670                __fputc_unlocked
                0x0000b67c                access
                0x0000b688                fdopen
                0x0000b694                stat64
                0x0000b6a0                CyaSSL_MD5_Final
                0x0000b6ac                wait
                0x0000b6b8                getpid
                0x0000b6c4                CyaSSL_CTX_set_options
                0x0000b6d0                __fgetc_unlocked
                0x0000b6dc                strtoull
                0x0000b6e8                sigprocmask
                0x0000b6f4                mktime
                0x0000b700                memmove
                0x0000b70c                strsep
                0x0000b718                pclose
                0x0000b724                getpagesize
                0x0000b730                fclose
                0x0000b73c                setsockopt
                0x0000b748                fread
                0x0000b754                wait3
                0x0000b760                bsearch
                0x0000b76c                chmod
                0x0000b778                vsyslog
                0x0000b784                dprintf
                0x0000b790                tcsetpgrp
                0x0000b79c                lstat64
                0x0000b7a8                time
                0x0000b7b4                fgetc
                0x0000b7c0                strtok
                0x0000b7cc                fileno
                0x0000b7d8                vprintf
                0x0000b7e4                write
                0x0000b7f0                getpwnam
                0x0000b7fc                isatty
                0x0000b808                times
                0x0000b814                closedir
                0x0000b820                strchrnul
                0x0000b82c                longjmp
                0x0000b838                setpriority
                0x0000b844                CyaSSL_read
                0x0000b850                killpg
                0x0000b85c                localtime
                0x0000b868                close
                0x0000b874                fputc
                0x0000b880                getpwuid
                0x0000b88c                setsid
                0x0000b898                regfree
                0x0000b8a4                fgets
                0x0000b8b0                sigaction
                0x0000b8bc                ferror
                0x0000b8c8                umask
                0x0000b8d4                sscanf
                0x0000b8e0                strncpy
                0x0000b8ec                strptime
                0x0000b8f8                tcsetattr
                0x0000b904                sigaddset
                0x0000b910                CyaTLSv1_client_method
                0x0000b91c                link
                0x0000b928                ATP_MSG_SendAndRecv
                0x0000b934                fputs
                0x0000b940                setuid
                0x0000b94c                tcgetattr
                0x0000b958                ATP_UTIL_ForkProcess
                0x0000b964                getppid
                0x0000b970                chdir
                0x0000b97c                unlink
                0x0000b988                execl
                0x0000b994                sync
                0x0000b9a0                regerror
                0x0000b9ac                fflush
                0x0000b9b8                memset
                0x0000b9c4                inet_ntoa
                0x0000b9d0                hstrerror
                0x0000b9dc                if_nametoindex
                0x0000b9e8                qsort
                0x0000b9f4                perror
                0x0000ba00                __h_errno_location
                0x0000ba0c                stime
                0x0000ba18                getservbyport
                0x0000ba24                vfork
                0x0000ba30                getuid
                0x0000ba3c                tcflush
                0x0000ba48                vdprintf
                0x0000ba54                fprintf
                0x0000ba60                recvmsg
                0x0000ba6c                inet_addr
                0x0000ba78                fnmatch
                0x0000ba84                strcspn
                0x0000ba90                abort
                0x0000ba9c                memcmp
                0x0000baa8                vsnprintf
                0x0000bab4                recvfrom
                0x0000bac0                syslog
                0x0000bacc                sigemptyset
                0x0000bad8                sprintf
                0x0000bae4                clearerr
                0x0000baf0                socket
                0x0000bafc                fseek
                0x0000bb08                regcomp
                0x0000bb14                rand
                0x0000bb20                memchr
                0x0000bb2c                isalpha
                0x0000bb38                exit
                0x0000bb44                rename
                0x0000bb50                fork
                0x0000bb5c                raise
                0x0000bb68                strstr
                0x0000bb74                open64
                0x0000bb80                strcmp
                0x0000bb8c                getgrgid
                0x0000bb98                getopt
                0x0000bba4                waitpid
                0x0000bbb0                CyaSSL_connect
                0x0000bbbc                execlp
                0x0000bbc8                setrlimit64
                0x0000bbd4                ungetc
                0x0000bbe0                ftell
                0x0000bbec                mount
                0x0000bbf8                free
                0x0000bc04                atoi
                0x0000bc10                strpbrk
                0x0000bc1c                alarm
                0x0000bc28                CyaSSL_set_fd
                0x0000bc34                strchr
                0x0000bc40                fchmod
                0x0000bc4c                ether_aton
                0x0000bc58                getgid
                0x0000bc64                strerror
                0x0000bc70                isspace
                0x0000bc7c                CyaSSL_write
                0x0000bc88                srand
                0x0000bc94                CyaSSL_MD5_Init
                0x0000bca0                printf
                0x0000bcac                getopt_long
                0x0000bcb8                popen
                0x0000bcc4                getgrnam
                0x0000bcd0                getservbyname
                0x0000bcdc                mkstemp64
                0x0000bce8                strdup
                0x0000bcf4                puts
                0x0000bd00                fscanf
                0x0000bd0c                setgid
                0x0000bd18                ATP_MSG_Init
                0x0000bd24                getrlimit64
                0x0000bd30                execvp
                0x0000bd3c                signal
                0x0000bd48                umount
                0x0000bd54                inet_ntop
                0x0000bd60                reboot
                0x0000bd6c                gethostbyaddr
                0x0000bd78                readdir64
                0x0000bd84                strsignal
                0x0000bd90                pipe
                0x0000bd9c                getaddrinfo
                0x0000bda8                strcpy
                0x0000bdb4                kill
                0x0000bdc0                geteuid
                0x0000bdcc                clearenv
                0x0000bdd8                getgroups

.iplt
 *(SORT(.iplt))

.text           0x0000bde4    0x3c138
 *(SORT(.text.unlikely) SORT(.text.*_unlikely))
 *(SORT(.text.exit) SORT(.text.exit.*))
 *(SORT(.text.startup) SORT(.text.startup.*))
 *(SORT(.text.hot) SORT(.text.hot.*))
 *(SORT(.text) SORT(.stub) SORT(.text.*) SORT(.gnu.linkonce.t.*))
 .text          0x0000bde4       0x3c /home/luokunling/open-HG633/BR-R5-HG633HG658v2-20140408/output/host/usr/arm-unknown-linux-uclibcgnueabi/sysroot/usr/lib/crt1.o
                0x0000bde4                _start
 .text          0x0000be20       0x50 /opt/toolchain_hisi_ipsec/arm-hsan-linux-uclibcgnueabi/bin/../lib/gcc/arm-hsan-linux-uclibcgnueabi/4.4.6/crtbegin.o
 .text.applet_name_compare
                0x0000be70       0x38 libbb/lib.a(appletlib.o)
 .text.lbb_prepare
                0x0000bea8       0x2c libbb/lib.a(appletlib.o)
                0x0000bea8                lbb_prepare
 .text.find_applet_by_name
                0x0000bed4       0x3c libbb/lib.a(appletlib.o)
                0x0000bed4                find_applet_by_name
 .text.bb_show_usage
                0x0000bf10       0xec libbb/lib.a(appletlib.o)
                0x0000bf10                bb_show_usage
 .text.run_applet_no_and_exit
                0x0000bffc       0xfc libbb/lib.a(appletlib.o)
                0x0000bffc                run_applet_no_and_exit
 .text.run_applet_and_exit
                0x0000c0f8      0x264 libbb/lib.a(appletlib.o)
                0x0000c0f8                run_applet_and_exit
 .text.main     0x0000c35c       0x6c libbb/lib.a(appletlib.o)
                0x0000c35c                main
 .text.bb_basename
                0x0000c3c8       0x24 libbb/lib.a(bb_basename.o)
                0x0000c3c8                bb_basename
 .text.concat_path_file
                0x0000c3ec       0x68 libbb/lib.a(concat_path_file.o)
                0x0000c3ec                concat_path_file
 .text.xfunc_die
                0x0000c454       0x50 libbb/lib.a(error_msg_and_die.o)
                0x0000c454                xfunc_die
 .text.bb_error_msg_and_die
                0x0000c4a4       0x24 libbb/lib.a(error_msg_and_die.o)
                0x0000c4a4                bb_error_msg_and_die
 .text.bb_get_last_path_component_nostrip
                0x0000c4c8       0x3c libbb/lib.a(get_last_path_component.o)
                0x0000c4c8                bb_get_last_path_component_nostrip
 .text.bb_get_last_path_component_strip
                0x0000c504       0x50 libbb/lib.a(get_last_path_component.o)
                0x0000c504                bb_get_last_path_component_strip
 .text.last_char_is
                0x0000c554       0x40 libbb/lib.a(last_char_is.o)
                0x0000c554                last_char_is
 .text.bb_perror_msg
                0x0000c594       0x44 libbb/lib.a(perror_msg.o)
                0x0000c594                bb_perror_msg
 .text.bb_simple_perror_msg
                0x0000c5d8       0x10 libbb/lib.a(perror_msg.o)
                0x0000c5d8                bb_simple_perror_msg
 .text.bb_verror_msg
                0x0000c5e8      0x1a0 libbb/lib.a(verror_msg.o)
                0x0000c5e8                bb_verror_msg
 .text.utoa_to_buf
                0x0000c788       0x90 libbb/lib.a(xfuncs.o)
                0x0000c788                utoa_to_buf
 .text.itoa_to_buf
                0x0000c818       0x28 libbb/lib.a(xfuncs.o)
                0x0000c818                itoa_to_buf
 .text.itoa     0x0000c840       0x2c libbb/lib.a(xfuncs.o)
                0x0000c840                itoa
 .text.bb_xioctl
                0x0000c86c       0x20 libbb/lib.a(xfuncs.o)
                0x0000c86c                bb_xioctl
 .text.bb_ioctl_or_warn
                0x0000c88c       0x24 libbb/lib.a(xfuncs.o)
                0x0000c88c                bb_ioctl_or_warn
 .text.ioctl_or_perror
                0x0000c8b0       0x50 libbb/lib.a(xfuncs.o)
                0x0000c8b0                ioctl_or_perror
 .text.ioctl_or_perror_and_die
                0x0000c900       0x50 libbb/lib.a(xfuncs.o)
                0x0000c900                ioctl_or_perror_and_die
 .text.get_terminal_width_height
                0x0000c950       0xe4 libbb/lib.a(xfuncs.o)
                0x0000c950                get_terminal_width_height
 .text.xstat    0x0000ca34       0x28 libbb/lib.a(xfuncs.o)
                0x0000ca34                xstat
 .text.xsendto  0x0000ca5c       0x30 libbb/lib.a(xfuncs.o)
                0x0000ca5c                xsendto
 .text.xbind    0x0000ca8c       0x20 libbb/lib.a(xfuncs.o)
                0x0000ca8c                xbind
 .text.xsocket  0x0000caac       0x20 libbb/lib.a(xfuncs.o)
                0x0000caac                xsocket
 .text.xopendir
                0x0000cacc       0x28 libbb/lib.a(xfuncs.o)
                0x0000cacc                xopendir
 .text.warn_opendir
                0x0000caf4       0x2c libbb/lib.a(xfuncs.o)
                0x0000caf4                warn_opendir
 .text.xchdir   0x0000cb20       0x28 libbb/lib.a(xfuncs.o)
                0x0000cb20                xchdir
 .text.xprint_and_close_file
                0x0000cb48       0x48 libbb/lib.a(xfuncs.o)
                0x0000cb48                xprint_and_close_file
 .text.xasprintf
                0x0000cb90       0x40 libbb/lib.a(xfuncs.o)
                0x0000cb90                xasprintf
 .text.bb_putchar
                0x0000cbd0       0x4c libbb/lib.a(xfuncs.o)
                0x0000cbd0                bb_putchar
 .text.xlseek   0x0000cc1c       0x54 libbb/lib.a(xfuncs.o)
                0x0000cc1c                xlseek
 .text.xsetuid  0x0000cc70       0x20 libbb/lib.a(xfuncs.o)
                0x0000cc70                xsetuid
 .text.xsetgid  0x0000cc90       0x20 libbb/lib.a(xfuncs.o)
                0x0000cc90                xsetgid
 .text.xsetenv  0x0000ccb0       0x24 libbb/lib.a(xfuncs.o)
                0x0000ccb0                xsetenv
 .text.xwrite   0x0000ccd4       0x68 libbb/lib.a(xfuncs.o)
                0x0000ccd4                xwrite
 .text.xdup2    0x0000cd3c       0x24 libbb/lib.a(xfuncs.o)
                0x0000cd3c                xdup2
 .text.xmove_fd
                0x0000cd60       0x24 libbb/lib.a(xfuncs.o)
                0x0000cd60                xmove_fd
 .text.close_on_exec_on
                0x0000cd84       0x18 libbb/lib.a(xfuncs.o)
                0x0000cd84                close_on_exec_on
 .text.ndelay_on
                0x0000cd9c       0x28 libbb/lib.a(xfuncs.o)
                0x0000cd9c                ndelay_on
 .text.xpipe    0x0000cdc4       0x20 libbb/lib.a(xfuncs.o)
                0x0000cdc4                xpipe
 .text.open3_or_warn
                0x0000cde4       0x2c libbb/lib.a(xfuncs.o)
                0x0000cde4                open3_or_warn
 .text.open_or_warn
                0x0000ce10        0xc libbb/lib.a(xfuncs.o)
                0x0000ce10                open_or_warn
 .text.xopen3   0x0000ce1c       0x28 libbb/lib.a(xfuncs.o)
                0x0000ce1c                xopen3
 .text.xopen    0x0000ce44        0xc libbb/lib.a(xfuncs.o)
                0x0000ce44                xopen
 .text.xfopen   0x0000ce50       0x28 libbb/lib.a(xfuncs.o)
                0x0000ce50                xfopen
 .text.xstrdup  0x0000ce78       0x30 libbb/lib.a(xfuncs.o)
                0x0000ce78                xstrdup
 .text.xrealloc
                0x0000cea8       0x34 libbb/lib.a(xfuncs.o)
                0x0000cea8                xrealloc
 .text.xmalloc  0x0000cedc       0x34 libbb/lib.a(xfuncs.o)
                0x0000cedc                xmalloc
 .text.xstrndup
                0x0000cf10       0x58 libbb/lib.a(xfuncs.o)
                0x0000cf10                xstrndup
 .text.xzalloc  0x0000cf68       0x28 libbb/lib.a(xfuncs.o)
                0x0000cf68                xzalloc
 .text.malloc_or_warn
                0x0000cf90       0x3c libbb/lib.a(xfuncs.o)
                0x0000cf90                malloc_or_warn
 .text.xmalloc_readlink
                0x0000cfcc       0x68 libbb/lib.a(xreadlink.o)
                0x0000cfcc                xmalloc_readlink
 .text.xmalloc_readlink_or_warn
                0x0000d034       0x2c libbb/lib.a(xreadlink.o)
                0x0000d034                xmalloc_readlink_or_warn
 .text.bb_full_fd_action
                0x0000d060      0x104 libbb/lib.a(copyfd.o)
 .text.bb_copyfd_eof
                0x0000d164        0xc libbb/lib.a(copyfd.o)
                0x0000d164                bb_copyfd_eof
 .text.bb_copyfd_size
                0x0000d170       0x18 libbb/lib.a(copyfd.o)
                0x0000d170                bb_copyfd_size
 .text.bb_copyfd_exact_size
                0x0000d188       0x48 libbb/lib.a(copyfd.o)
                0x0000d188                bb_copyfd_exact_size
 .text.bb_error_msg
                0x0000d1d0       0x2c libbb/lib.a(error_msg.o)
                0x0000d1d0                bb_error_msg
 .text.full_write
                0x0000d1fc       0x50 libbb/lib.a(full_write.o)
                0x0000d1fc                full_write
 .text.bb_perror_msg_and_die
                0x0000d24c       0x3c libbb/lib.a(perror_msg_and_die.o)
                0x0000d24c                bb_perror_msg_and_die
 .text.bb_simple_perror_msg_and_die
                0x0000d288       0x10 libbb/lib.a(perror_msg_and_die.o)
                0x0000d288                bb_simple_perror_msg_and_die
 .text.safe_read
                0x0000d298       0x48 libbb/lib.a(read.o)
                0x0000d298                safe_read
 .text.full_read
                0x0000d2e0       0x54 libbb/lib.a(read.o)
                0x0000d2e0                full_read
 .text.read_close
                0x0000d334       0x24 libbb/lib.a(read.o)
                0x0000d334                read_close
 .text.xmalloc_open_read_close
                0x0000d358       0xd0 libbb/lib.a(read.o)
                0x0000d358                xmalloc_open_read_close
 .text.open_read_close
                0x0000d428       0x34 libbb/lib.a(read.o)
                0x0000d428                open_read_close
 .text.xread    0x0000d45c       0x28 libbb/lib.a(read.o)
                0x0000d45c                xread
 .text.xread_char
                0x0000d484       0x1c libbb/lib.a(read.o)
                0x0000d484                xread_char
 .text.safe_write
                0x0000d4a0       0x48 libbb/lib.a(safe_write.o)
                0x0000d4a0                safe_write
 .text.su_main  0x0000d4e8      0x1f4 loginutils/lib.a(su.o)
                0x0000d4e8                su_main
 .text.DeleteFile
                0x0000d6dc       0xb4 miscutils/lib.a(crond.o)
 .text.crondlog
                0x0000d790       0xac miscutils/lib.a(crond.o)
 .text.ParseField
                0x0000d83c      0x284 miscutils/lib.a(crond.o)
 .text.SynchronizeFile
                0x0000dac0      0x2e8 miscutils/lib.a(crond.o)
 .text.CheckUpdates
                0x0000dda8       0x74 miscutils/lib.a(crond.o)
 .text.SynchronizeDir
                0x0000de1c       0xf8 miscutils/lib.a(crond.o)
 .text.crond_main
                0x0000df14      0x524 miscutils/lib.a(crond.o)
                0x0000df14                crond_main
 .text.ChangeUser
                0x0000e438       0xb0 miscutils/lib.a(crontab.o)
 .text.crontab_main
                0x0000e4e8      0x64c miscutils/lib.a(crontab.o)
                0x0000e4e8                crontab_main
 .text.makedevs_main
                0x0000eb34      0x4c0 miscutils/lib.a(makedevs.o)
                0x0000eb34                makedevs_main
 .text.taskset_main
                0x0000eff4      0x1a8 miscutils/lib.a(taskset.o)
                0x0000eff4                taskset_main
 .text.insmod_main
                0x0000f19c      0x12c modutils/lib.a(insmod.o)
                0x0000f19c                insmod_main
 .text.ifconfig_main
                0x0000f2c8      0x518 networking/lib.a(ifconfig.o)
                0x0000f2c8                ifconfig_main
 .text.get_afntype
                0x0000f7e0       0x34 networking/lib.a(interface.o)
 .text.hexchar2int
                0x0000f814       0x28 networking/lib.a(interface.o)
 .text.in_ether
                0x0000f83c       0xb8 networking/lib.a(interface.o)
 .text.get_hwntype
                0x0000f8f4       0x34 networking/lib.a(interface.o)
                0x0000f8f4                get_hwntype
 .text.get_hwtype
                0x0000f928       0x48 networking/lib.a(interface.o)
                0x0000f928                get_hwtype
 .text.get_aftype
                0x0000f970       0x48 networking/lib.a(interface.o)
                0x0000f970                get_aftype
 .text.add_interface
                0x0000f9b8       0x98 networking/lib.a(interface.o)
 .text.if_readconf
                0x0000fa50       0xd4 networking/lib.a(interface.o)
 .text.if_readlist_proc
                0x0000fb24      0x314 networking/lib.a(interface.o)
 .text.do_if_fetch
                0x0000fe38      0x344 networking/lib.a(interface.o)
 .text.print_bytes_scaled
                0x0001017c       0x9c networking/lib.a(interface.o)
 .text.UNSPEC_print
                0x00010218       0x68 networking/lib.a(interface.o)
 .text.UNSPEC_sprint
                0x00010280       0x28 networking/lib.a(interface.o)
 .text.INET6_input
                0x000102a8       0x10 networking/lib.a(interface.o)
 .text.INET_input
                0x000102b8       0x14 networking/lib.a(interface.o)
 .text.INET_sprint
                0x000102cc       0x54 networking/lib.a(interface.o)
 .text.INET6_sprint
                0x00010320       0x50 networking/lib.a(interface.o)
 .text.ife_print
                0x00010370      0x5d0 networking/lib.a(interface.o)
 .text.display_interfaces
                0x00010940       0xd4 networking/lib.a(interface.o)
                0x00010940                display_interfaces
 .text.pr_ether
                0x00010a14       0x54 networking/lib.a(interface.o)
 .text.do_info  0x00010a68       0xa0 networking/lib.a(netstat.o)
 .text.netstat_main
                0x00010b08      0x27c networking/lib.a(netstat.o)
                0x00010b08                netstat_main
 .text.build_ipv4_addr
                0x00010d84       0x28 networking/lib.a(netstat.o)
 .text.unix_do_one
                0x00010dac      0x248 networking/lib.a(netstat.o)
 .text.build_ipv6_addr
                0x00010ff4       0x70 networking/lib.a(netstat.o)
 .text.ip_port_str
                0x00011064       0x98 networking/lib.a(netstat.o)
 .text.raw_do_one
                0x000110fc      0x200 networking/lib.a(netstat.o)
 .text.udp_do_one
                0x000112fc      0x20c networking/lib.a(netstat.o)
 .text.tcp_do_one
                0x00011508      0x1bc networking/lib.a(netstat.o)
 .text.set_flags
                0x000116c4       0x4c networking/lib.a(route.o)
 .text.kw_lookup
                0x00011710       0x80 networking/lib.a(route.o)
 .text.INET6_displayroutes
                0x00011790      0x210 networking/lib.a(route.o)
 .text.bb_displayroutes
                0x000119a0      0x1f8 networking/lib.a(route.o)
                0x000119a0                bb_displayroutes
 .text.route_main
                0x00011b98      0x734 networking/lib.a(route.o)
                0x00011b98                route_main
 .text.xfind_str
                0x000122cc       0x40 networking/lib.a(smuxctl.o)
 .text.smuxctl_main
                0x0001230c       0xf4 networking/lib.a(smuxctl.o)
                0x0001230c                smuxctl_main
 .text.in_cksum
                0x00012400       0x4c networking/lib.a(traceroute.o)
 .text.setsin   0x0001244c       0x2c networking/lib.a(traceroute.o)
 .text.init_diag_para
                0x00012478       0x4c networking/lib.a(traceroute.o)
                0x00012478                init_diag_para
 .text.freehostinfo
                0x000124c4       0x28 networking/lib.a(traceroute.o)
 .text.ifaddrlist
                0x000124ec      0x208 networking/lib.a(traceroute.o)
 .text.gethostinfo
                0x000126f4      0x118 networking/lib.a(traceroute.o)
 .text.TRouteToLogWeb
                0x0001280c      0x2e8 networking/lib.a(traceroute.o)
 .text.traceroute_main
                0x00012af4     0x1504 networking/lib.a(traceroute.o)
                0x00012af4                traceroute_main
 .text.xfind_str
                0x00013ff8       0x40 networking/lib.a(vconfig.o)
 .text.vconfig_main
                0x00014038      0x17c networking/lib.a(vconfig.o)
                0x00014038                vconfig_main
 .text.pick     0x000141b4       0x54 networking/lib.a(zcip.o)
 .text.run      0x00014208       0xb8 networking/lib.a(zcip.o)
 .text.T.21     0x000142c0       0xe8 networking/lib.a(zcip.o)
 .text.zcip_main
                0x000143a8      0x5ec networking/lib.a(zcip.o)
                0x000143a8                zcip_main
 .text.alloc_dhcp_option
                0x00014994       0x5c networking/udhcp/lib.a(dhcpc.o)
 .text.client_background
                0x000149f0       0x48 networking/udhcp/lib.a(dhcpc.o)
 .text.change_listen_mode
                0x00014a38       0x3c networking/udhcp/lib.a(dhcpc.o)
 .text.perform_release
                0x00014a74       0xb4 networking/udhcp/lib.a(dhcpc.o)
 .text.udhcpc_main
                0x00014b28      0xb04 networking/udhcp/lib.a(dhcpc.o)
                0x00014b28                udhcpc_main
 .text.udhcpd_main
                0x0001562c      0x5d0 networking/udhcp/lib.a(dhcpd.o)
                0x0001562c                udhcpd_main
 .text.find_option
                0x00015bfc       0x28 networking/udhcp/lib.a(files.o)
                0x00015bfc                find_option
 .text.read_leases
                0x00015c24      0x104 networking/udhcp/lib.a(files.o)
                0x00015c24                read_leases
 .text.write_leases
                0x00015d28      0x134 networking/udhcp/lib.a(files.o)
                0x00015d28                write_leases
 .text.read_yn  0x00015e5c       0x54 networking/udhcp/lib.a(files.o)
 .text.read_config
                0x00015eb0      0x1f4 networking/udhcp/lib.a(files.o)
                0x00015eb0                read_config
 .text.read_u32
                0x000160a4       0x38 networking/udhcp/lib.a(files.o)
 .text.read_str
                0x000160dc       0x2c networking/udhcp/lib.a(files.o)
 .text.read_ip  0x00016108       0x38 networking/udhcp/lib.a(files.o)
 .text.read_staticlease
                0x00016140       0x78 networking/udhcp/lib.a(files.o)
 .text.read_opt
                0x000161b8      0x334 networking/udhcp/lib.a(files.o)
 .text.find_lease_by_yiaddr
                0x000164ec       0x54 networking/udhcp/lib.a(leases.o)
                0x000164ec                find_lease_by_yiaddr
 .text.find_lease_by_chaddr
                0x00016540       0x68 networking/udhcp/lib.a(leases.o)
                0x00016540                find_lease_by_chaddr
 .text.lease_expired
                0x000165a8       0x24 networking/udhcp/lib.a(leases.o)
                0x000165a8                lease_expired
 .text.add_lease
                0x000165cc      0x134 networking/udhcp/lib.a(leases.o)
                0x000165cc                add_lease
 .text.find_address
                0x00016700       0xe8 networking/udhcp/lib.a(leases.o)
                0x00016700                find_address
 .text.udhcp_end_option
                0x000167e8       0x34 networking/udhcp/lib.a(options.o)
                0x000167e8                udhcp_end_option
 .text.udhcp_add_option_string
                0x0001681c       0x6c networking/udhcp/lib.a(options.o)
                0x0001681c                udhcp_add_option_string
 .text.udhcp_add_simple_option
                0x00016888       0x98 networking/udhcp/lib.a(options.o)
                0x00016888                udhcp_add_simple_option
 .text.udhcp_get_option
                0x00016920      0x124 networking/udhcp/lib.a(options.o)
                0x00016920                udhcp_get_option
 .text.udhcp_checksum
                0x00016a44       0x6c networking/udhcp/lib.a(packet.o)
                0x00016a44                udhcp_checksum
 .text.udhcp_send_kernel_packet
                0x00016ab0       0xf8 networking/udhcp/lib.a(packet.o)
                0x00016ab0                udhcp_send_kernel_packet
 .text.udhcp_send_raw_packet
                0x00016ba8      0x1fc networking/udhcp/lib.a(packet.o)
                0x00016ba8                udhcp_send_raw_packet
 .text.udhcp_recv_packet
                0x00016da4       0xdc networking/udhcp/lib.a(packet.o)
                0x00016da4                udhcp_recv_packet
 .text.udhcp_init_header
                0x00016e80       0xa0 networking/udhcp/lib.a(packet.o)
                0x00016e80                udhcp_init_header
 .text.sprintip
                0x00016f20       0x38 networking/udhcp/lib.a(script.o)
 .text.udhcp_run_script
                0x00016f58      0x698 networking/udhcp/lib.a(script.o)
                0x00016f58                udhcp_run_script
 .text.init_packet
                0x000175f0      0x104 networking/udhcp/lib.a(serverpacket.o)
 .text.add_bootp_options
                0x000176f4       0x60 networking/udhcp/lib.a(serverpacket.o)
 .text.send_packet
                0x00017754       0xd8 networking/udhcp/lib.a(serverpacket.o)
 .text.send_inform
                0x0001782c       0x70 networking/udhcp/lib.a(serverpacket.o)
                0x0001782c                send_inform
 .text.sendNAK  0x0001789c       0x34 networking/udhcp/lib.a(serverpacket.o)
                0x0001789c                sendNAK
 .text.sendACK  0x000178d0      0x140 networking/udhcp/lib.a(serverpacket.o)
                0x000178d0                sendACK
 .text.sendOffer
                0x00017a10      0x24c networking/udhcp/lib.a(serverpacket.o)
                0x00017a10                sendOffer
 .text.udhcp_sp_read
                0x00017c5c       0x4c networking/udhcp/lib.a(signalpipe.o)
                0x00017c5c                udhcp_sp_read
 .text.udhcp_sp_fd_set
                0x00017ca8       0x88 networking/udhcp/lib.a(signalpipe.o)
                0x00017ca8                udhcp_sp_fd_set
 .text.udhcp_sp_setup
                0x00017d30       0x60 networking/udhcp/lib.a(signalpipe.o)
                0x00017d30                udhcp_sp_setup
 .text.signal_handler
                0x00017d90       0x38 networking/udhcp/lib.a(signalpipe.o)
 .text.udhcp_listen_socket
                0x00017dc8       0xd0 networking/udhcp/lib.a(socket.o)
                0x00017dc8                udhcp_listen_socket
 .text.udhcp_read_interface
                0x00017e98      0x12c networking/udhcp/lib.a(socket.o)
                0x00017e98                udhcp_read_interface
 .text.reservedIp
                0x00017fc4       0x2c networking/udhcp/lib.a(static_leases.o)
                0x00017fc4                reservedIp
 .text.getIpByMac
                0x00017ff0       0x48 networking/udhcp/lib.a(static_leases.o)
                0x00017ff0                getIpByMac
 .text.addStaticLease
                0x00018038       0x50 networking/udhcp/lib.a(static_leases.o)
                0x00018038                addStaticLease
 .text.arpping  0x00018088      0x1ec networking/udhcp/lib.a(arpping.o)
                0x00018088                arpping
 .text.get_raw_packet
                0x00018274      0x1b8 networking/udhcp/lib.a(clientpacket.o)
                0x00018274                get_raw_packet
 .text.init_packet
                0x0001842c       0x6c networking/udhcp/lib.a(clientpacket.o)
 .text.add_requests
                0x00018498       0xa0 networking/udhcp/lib.a(clientpacket.o)
 .text.send_renew
                0x00018538       0xac networking/udhcp/lib.a(clientpacket.o)
                0x00018538                send_renew
 .text.send_discover
                0x000185e4       0xa4 networking/udhcp/lib.a(clientpacket.o)
                0x000185e4                send_discover
 .text.send_selecting
                0x00018688       0xb0 networking/udhcp/lib.a(clientpacket.o)
                0x00018688                send_selecting
 .text.random_xid
                0x00018738       0x34 networking/udhcp/lib.a(clientpacket.o)
                0x00018738                random_xid
 .text.send_release
                0x0001876c       0x84 networking/udhcp/lib.a(clientpacket.o)
                0x0001876c                send_release
 .text.raw_socket
                0x000187f0       0x50 networking/udhcp/lib.a(clientsocket.o)
                0x000187f0                raw_socket
 .text.kill_main
                0x00018840      0x2c0 procps/lib.a(kill.o)
                0x00018840                kill_main
 .text.ps_main  0x00018b00       0xd0 procps/lib.a(ps.o)
                0x00018b00                ps_main
 .text.renice_main
                0x00018bd0      0x190 procps/lib.a(renice.o)
                0x00018bd0                renice_main
 .text.mem_sort
                0x00018d60       0x20 procps/lib.a(top.o)
 .text.pcpu_sort
                0x00018d80       0x10 procps/lib.a(top.o)
 .text.time_sort
                0x00018d90       0x20 procps/lib.a(top.o)
 .text.mult_lvl_cmp
                0x00018db0       0x48 procps/lib.a(top.o)
 .text.do_stats
                0x00018df8      0x228 procps/lib.a(top.o)
 .text.clearmems
                0x00019020       0x2c procps/lib.a(top.o)
 .text.display_process_list
                0x0001904c      0x570 procps/lib.a(top.o)
 .text.top_main
                0x000195bc      0x218 procps/lib.a(top.o)
                0x000195bc                top_main
 .text.stunalloc
                0x000197d4       0x28 shell/lib.a(ash.o)
 .text.setstackmark
                0x000197fc       0x34 shell/lib.a(ash.o)
 .text.prefix   0x00019830       0x38 shell/lib.a(ash.o)
 .text.is_number
                0x00019868       0x2c shell/lib.a(ash.o)
 .text.varcmp   0x00019894       0x44 shell/lib.a(ash.o)
 .text.varequal
                0x000198d8       0x18 shell/lib.a(ash.o)
 .text.hashvar  0x000198f0       0x54 shell/lib.a(ash.o)
 .text.vpcmp    0x00019944        0xc shell/lib.a(ash.o)
 .text.findvar  0x00019950       0x40 shell/lib.a(ash.o)
 .text.setprompt
                0x00019990       0x64 shell/lib.a(ash.o)
 .text.set_curjob
                0x000199f4       0x70 shell/lib.a(ash.o)
 .text.jobno    0x00019a64       0x28 shell/lib.a(ash.o)
 .text.getstatus
                0x00019a8c       0x54 shell/lib.a(ash.o)
 .text.esclen   0x00019ae0       0x28 shell/lib.a(ash.o)
 .text.falsecmd
                0x00019b08        0x8 shell/lib.a(ash.o)
 .text.truecmd  0x00019b10        0x8 shell/lib.a(ash.o)
 .text.bltincmd
                0x00019b18       0x10 shell/lib.a(ash.o)
 .text.pungetc  0x00019b28       0x2c shell/lib.a(ash.o)
 .text.changemail
                0x00019b54       0x14 shell/lib.a(ash.o)
 .text.lookupvar
                0x00019b68       0x4c shell/lib.a(ash.o)
 .text.bltinlookup
                0x00019bb4       0x5c shell/lib.a(ash.o)
 .text.calcsize
                0x00019c10      0x130 shell/lib.a(ash.o)
 .text.sizenodelist
                0x00019d40       0x3c shell/lib.a(ash.o)
 .text.ignoresig
                0x00019d7c       0x40 shell/lib.a(ash.o)
 .text.SIT      0x00019dbc       0x8c shell/lib.a(ash.o)
 .text.endofname
                0x00019e48       0x48 shell/lib.a(ash.o)
 .text.goodname
                0x00019e90       0x1c shell/lib.a(ash.o)
 .text.isassignment
                0x00019eac       0x30 shell/lib.a(ash.o)
 .text.freealias
                0x00019edc       0x48 shell/lib.a(ash.o)
 .text.freefunc
                0x00019f24       0x28 shell/lib.a(ash.o)
 .text.freeparam
                0x00019f4c       0x44 shell/lib.a(ash.o)
 .text.scanright
                0x00019f90       0xa8 shell/lib.a(ash.o)
 .text.scanleft
                0x0001a038       0x80 shell/lib.a(ash.o)
 .text.__lookupalias
                0x0001a0b8       0x78 shell/lib.a(ash.o)
 .text.lookupalias
                0x0001a130       0x30 shell/lib.a(ash.o)
 .text.msort    0x0001a160       0xc4 shell/lib.a(ash.o)
 .text.pstrcmp  0x0001a224       0x18 shell/lib.a(ash.o)
 .text.setsignal
                0x0001a23c      0x1a0 shell/lib.a(ash.o)
 .text.nodeckstrdup
                0x0001a3dc       0x44 shell/lib.a(ash.o)
 .text.copynode
                0x0001a420      0x150 shell/lib.a(ash.o)
 .text.copynodelist
                0x0001a570       0x54 shell/lib.a(ash.o)
 .text.raise_exception
                0x0001a5c4       0x28 shell/lib.a(ash.o)
 .text.raise_interrupt
                0x0001a5ec       0x8c shell/lib.a(ash.o)
 .text.int_on   0x0001a678       0x3c shell/lib.a(ash.o)
 .text.fmtstr   0x0001a6b4       0x4c shell/lib.a(ash.o)
 .text.sprint_status
                0x0001a700       0xcc shell/lib.a(ash.o)
 .text.removerecordregions
                0x0001a7cc      0x118 shell/lib.a(ash.o)
 .text.freejob  0x0001a8e4       0x84 shell/lib.a(ash.o)
 .text.unalias  0x0001a968       0x50 shell/lib.a(ash.o)
 .text.popstring
                0x0001a9b8       0xdc shell/lib.a(ash.o)
 .text.popfile  0x0001aa94       0xb0 shell/lib.a(ash.o)
 .text.popallfiles
                0x0001ab44       0x30 shell/lib.a(ash.o)
 .text.outstr   0x0001ab74       0x28 shell/lib.a(ash.o)
 .text.out1str  0x0001ab9c       0x10 shell/lib.a(ash.o)
 .text.flush_stderr
                0x0001abac       0x34 shell/lib.a(ash.o)
 .text.out2str  0x0001abe0       0x1c shell/lib.a(ash.o)
 .text.stoppedjobs
                0x0001abfc       0x60 shell/lib.a(ash.o)
 .text.dowait   0x0001ac5c      0x1b0 shell/lib.a(ash.o)
 .text.popstackmark
                0x0001ae0c       0x84 shell/lib.a(ash.o)
 .text.flush_stdout_stderr
                0x0001ae90       0x44 shell/lib.a(ash.o)
 .text.delete_cmd_entry
                0x0001aed4       0x54 shell/lib.a(ash.o)
 .text.clearcmdentry
                0x0001af28       0xa0 shell/lib.a(ash.o)
 .text.changepath
                0x0001afc8      0x118 shell/lib.a(ash.o)
 .text.onsig    0x0001b0e0       0x60 shell/lib.a(ash.o)
 .text.force_int_on
                0x0001b140       0x2c shell/lib.a(ash.o)
 .text.errmsg   0x0001b16c       0x24 shell/lib.a(ash.o)
 .text.pgetc    0x0001b190      0x304 shell/lib.a(ash.o)
 .text.pgetc2   0x0001b494       0x18 shell/lib.a(ash.o)
 .text.tokname  0x0001b4ac       0x50 shell/lib.a(ash.o)
 .text.findkwd  0x0001b4fc       0x2c shell/lib.a(ash.o)
 .text.find_builtin
                0x0001b528       0x2c shell/lib.a(ash.o)
 .text.out1fmt  0x0001b554       0x4c shell/lib.a(ash.o)
 .text.printlim
                0x0001b5a0       0x5c shell/lib.a(ash.o)
 .text.helpcmd  0x0001b5fc       0x80 shell/lib.a(ash.o)
 .text.timescmd
                0x0001b67c       0xac shell/lib.a(ash.o)
 .text.echocmd  0x0001b728       0x10 shell/lib.a(ash.o)
 .text.testcmd  0x0001b738       0x10 shell/lib.a(ash.o)
 .text.evalbltin
                0x0001b748       0xfc shell/lib.a(ash.o)
 .text.T.882    0x0001b844       0x74 shell/lib.a(ash.o)
 .text.showpipe
                0x0001b8b8       0x4c shell/lib.a(ash.o)
 .text.showjob  0x0001b904      0x1d0 shell/lib.a(ash.o)
 .text.showjobs
                0x0001bad4       0x6c shell/lib.a(ash.o)
 .text.ash_vmsg
                0x0001bb40       0xd4 shell/lib.a(ash.o)
 .text.ash_msg  0x0001bc14       0x28 shell/lib.a(ash.o)
 .text.ash_vmsg_and_raise
                0x0001bc3c       0x1c shell/lib.a(ash.o)
 .text.ash_msg_and_raise_error
                0x0001bc58       0x20 shell/lib.a(ash.o)
 .text.ckrealloc
                0x0001bc78       0x20 shell/lib.a(ash.o)
 .text.ckmalloc
                0x0001bc98        0xc shell/lib.a(ash.o)
 .text.recordregion
                0x0001bca4       0x78 shell/lib.a(ash.o)
 .text.cmdlookup
                0x0001bd1c       0xe0 shell/lib.a(ash.o)
 .text.pushfile
                0x0001bdfc       0x80 shell/lib.a(ash.o)
 .text.setinputstring
                0x0001be7c       0x70 shell/lib.a(ash.o)
 .text.pushstring
                0x0001beec       0xb0 shell/lib.a(ash.o)
 .text.tryexec  0x0001bf9c       0xbc shell/lib.a(ash.o)
 .text.makejob  0x0001c058      0x1b8 shell/lib.a(ash.o)
 .text.varunset
                0x0001c210       0x64 shell/lib.a(ash.o)
 .text.ckstrdup
                0x0001c274       0x20 shell/lib.a(ash.o)
 .text.setparam
                0x0001c294       0x8c shell/lib.a(ash.o)
 .text.setvareq
                0x0001c320      0x110 shell/lib.a(ash.o)
 .text.listsetvar
                0x0001c430       0x50 shell/lib.a(ash.o)
 .text.setvar   0x0001c480       0xe0 shell/lib.a(ash.o)
 .text.arith    0x0001c560      0x69c shell/lib.a(ash.o)
 .text.arith_lookup_val
                0x0001cbfc       0xa0 shell/lib.a(ash.o)
 .text.unsetvar
                0x0001cc9c       0xb0 shell/lib.a(ash.o)
 .text.setvarsafe
                0x0001cd4c       0x9c shell/lib.a(ash.o)
 .text.localcmd
                0x0001cde8      0x13c shell/lib.a(ash.o)
 .text.setpwd   0x0001cf24       0xe0 shell/lib.a(ash.o)
 .text.xtcsetpgrp
                0x0001d004       0x20 shell/lib.a(ash.o)
 .text.waitforjob
                0x0001d024       0x88 shell/lib.a(ash.o)
 .text.setjobctl
                0x0001d0ac      0x1b4 shell/lib.a(ash.o)
 .text.optschanged
                0x0001d260       0x9c shell/lib.a(ash.o)
 .text.copyfd   0x0001d2fc       0x4c shell/lib.a(ash.o)
 .text.popredir
                0x0001d348       0xc8 shell/lib.a(ash.o)
 .text.clearredir
                0x0001d410       0x3c shell/lib.a(ash.o)
 .text.raise_error_syntax
                0x0001d44c       0x10 shell/lib.a(ash.o)
 .text.raise_error_unexpected_syntax
                0x0001d45c       0x5c shell/lib.a(ash.o)
 .text.dash_arith
                0x0001d4b8       0x8c shell/lib.a(ash.o)
 .text.stalloc  0x0001d544       0x98 shell/lib.a(ash.o)
 .text.ststrdup
                0x0001d5dc       0x2c shell/lib.a(ash.o)
 .text.addfname
                0x0001d608       0x3c shell/lib.a(ash.o)
 .text.expmeta  0x0001d644      0x294 shell/lib.a(ash.o)
 .text.makename
                0x0001d8d8       0x44 shell/lib.a(ash.o)
 .text.fixredir
                0x0001d91c       0x6c shell/lib.a(ash.o)
 .text.growstackblock
                0x0001d988      0x104 shell/lib.a(ash.o)
 .text.makestrspace
                0x0001da8c       0x44 shell/lib.a(ash.o)
 .text.memtodest
                0x0001dad0       0x90 shell/lib.a(ash.o)
 .text.stack_nputstr
                0x0001db60       0x30 shell/lib.a(ash.o)
 .text.stack_putstr
                0x0001db90       0x24 shell/lib.a(ash.o)
 .text.cvtnum   0x0001dbb4       0x48 shell/lib.a(ash.o)
 .text.cmdputs  0x0001dbfc      0x1fc shell/lib.a(ash.o)
 .text.cmdtxt   0x0001ddf8      0x33c shell/lib.a(ash.o)
 .text.cmdlist  0x0001e134       0x54 shell/lib.a(ash.o)
 .text._rmescapes
                0x0001e188      0x128 shell/lib.a(ash.o)
 .text.preglob  0x0001e2b0       0x10 shell/lib.a(ash.o)
 .text.single_quote
                0x0001e2c0       0xc0 shell/lib.a(ash.o)
 .text.printalias
                0x0001e380       0x2c shell/lib.a(ash.o)
 .text.aliascmd
                0x0001e3ac      0x170 shell/lib.a(ash.o)
 .text.growstackstr
                0x0001e51c       0x5c shell/lib.a(ash.o)
 .text._STPUTC  0x0001e578       0x38 shell/lib.a(ash.o)
 .text.listvars
                0x0001e5b0       0x98 shell/lib.a(ash.o)
 .text.showvars
                0x0001e648       0xd0 shell/lib.a(ash.o)
 .text.padvance
                0x0001e718      0x114 shell/lib.a(ash.o)
 .text.readtoken1
                0x0001e82c      0xe1c shell/lib.a(ash.o)
 .text.parseheredoc
                0x0001f648       0xac shell/lib.a(ash.o)
 .text.xxreadtoken
                0x0001f6f4      0x198 shell/lib.a(ash.o)
 .text.readtoken
                0x0001f88c       0xe8 shell/lib.a(ash.o)
 .text.parsefname
                0x0001f974      0x144 shell/lib.a(ash.o)
 .text.peektoken
                0x0001fab8       0x30 shell/lib.a(ash.o)
 .text.list     0x0001fae8      0x1ac shell/lib.a(ash.o)
 .text.parse_command
                0x0001fc94      0x6fc shell/lib.a(ash.o)
 .text.pipeline
                0x00020390       0xec shell/lib.a(ash.o)
 .text.parsecmd
                0x0002047c       0x74 shell/lib.a(ash.o)
 .text.forkshell
                0x000204f0      0x32c shell/lib.a(ash.o)
 .text.nextopt  0x0002081c      0x110 shell/lib.a(ash.o)
 .text.unsetcmd
                0x0002092c       0x90 shell/lib.a(ash.o)
 .text.unaliascmd
                0x000209bc       0xfc shell/lib.a(ash.o)
 .text.cdopt    0x00020ab8       0x3c shell/lib.a(ash.o)
 .text.pwdcmd   0x00020af4       0x58 shell/lib.a(ash.o)
 .text.exportcmd
                0x00020b4c       0xc4 shell/lib.a(ash.o)
 .text.number   0x00020c10       0x30 shell/lib.a(ash.o)
 .text.returncmd
                0x00020c40       0x44 shell/lib.a(ash.o)
 .text.getoptsreset
                0x00020c84       0x24 shell/lib.a(ash.o)
 .text.exitcmd  0x00020ca8       0x48 shell/lib.a(ash.o)
 .text.getjob   0x00020cf0      0x184 shell/lib.a(ash.o)
 .text.jobscmd  0x00020e74       0x98 shell/lib.a(ash.o)
 .text.waitcmd  0x00020f0c      0x130 shell/lib.a(ash.o)
 .text.fg_bgcmd
                0x0002103c      0x150 shell/lib.a(ash.o)
 .text.killcmd  0x0002118c       0x98 shell/lib.a(ash.o)
 .text.shiftcmd
                0x00021224       0xb8 shell/lib.a(ash.o)
 .text.letcmd   0x000212dc       0x48 shell/lib.a(ash.o)
 .text.breakcmd
                0x00021324       0x8c shell/lib.a(ash.o)
 .text.getoptscmd
                0x000213b0      0x330 shell/lib.a(ash.o)
 .text.umaskcmd
                0x000216e0      0x1c0 shell/lib.a(ash.o)
 .text.options  0x000218a0      0x254 shell/lib.a(ash.o)
 .text.setcmd   0x00021af4       0x70 shell/lib.a(ash.o)
 .text.ulimitcmd
                0x00021b64      0x21c shell/lib.a(ash.o)
 .text.setinputfile
                0x00021d80      0x108 shell/lib.a(ash.o)
 .text.trapcmd  0x00021e88      0x120 shell/lib.a(ash.o)
 .text.readcmd  0x00021fa8      0x260 shell/lib.a(ash.o)
 .text.cdcmd    0x00022208      0x398 shell/lib.a(ash.o)
 .text.ash_msg_and_raise
                0x000225a0       0x1c shell/lib.a(ash.o)
 .text.shellexec
                0x000225bc      0x128 shell/lib.a(ash.o)
 .text.execcmd  0x000226e4       0x54 shell/lib.a(ash.o)
 .text.expandarg
                0x00022738      0x448 shell/lib.a(ash.o)
 .text.expredir
                0x00022b80       0xbc shell/lib.a(ash.o)
 .text.redirect
                0x00022c3c      0x4d4 shell/lib.a(ash.o)
 .text.redirectsafe
                0x00023110       0xb8 shell/lib.a(ash.o)
 .text.evaltree
                0x000231c8      0x34c shell/lib.a(ash.o)
 .text.evalstring
                0x00023514       0x78 shell/lib.a(ash.o)
 .text.evalcmd  0x0002358c       0x90 shell/lib.a(ash.o)
 .text.exitshell
                0x0002361c       0x7c shell/lib.a(ash.o)
 .text.argstr   0x00023698      0x60c shell/lib.a(ash.o)
 .text.subevalvar
                0x00023ca4      0x1a8 shell/lib.a(ash.o)
 .text.evalvar  0x00023e4c      0x588 shell/lib.a(ash.o)
 .text.evalloop
                0x000243d4      0x10c shell/lib.a(ash.o)
 .text.cmdloop  0x000244e0      0x23c shell/lib.a(ash.o)
 .text.find_command
                0x0002471c      0x408 shell/lib.a(ash.o)
 .text.describe_command
                0x00024b24      0x1f0 shell/lib.a(ash.o)
 .text.typecmd  0x00024d14       0x68 shell/lib.a(ash.o)
 .text.commandcmd
                0x00024d7c       0x60 shell/lib.a(ash.o)
 .text.hashcmd  0x00024ddc      0x194 shell/lib.a(ash.o)
 .text.evalpipe
                0x00024f70      0x1b4 shell/lib.a(ash.o)
 .text.dotcmd   0x00025124      0x170 shell/lib.a(ash.o)
 .text.read_profile
                0x00025294       0x34 shell/lib.a(ash.o)
 .text.ash_main
                0x000252c8      0x608 shell/lib.a(ash.o)
                0x000252c8                ash_main
 .text.evalfun  0x000258d0      0x238 shell/lib.a(ash.o)
 .text.evalsubshell
                0x00025b08       0xd0 shell/lib.a(ash.o)
 .text.evalcase
                0x00025bd8      0x158 shell/lib.a(ash.o)
 .text.evalfor  0x00025d30      0x140 shell/lib.a(ash.o)
 .text.evalcommand
                0x00025e70      0x5c8 shell/lib.a(ash.o)
 .text.append_mount_options
                0x00026438       0xf4 util-linux/lib.a(mount.o)
 .text.parse_mount_options
                0x0002652c      0x110 util-linux/lib.a(mount.o)
 .text.mount_it_now
                0x0002663c       0x8c util-linux/lib.a(mount.o)
 .text.singlemount
                0x000266c8      0x220 util-linux/lib.a(mount.o)
 .text.mount_main
                0x000268e8      0x400 util-linux/lib.a(mount.o)
                0x000268e8                mount_main
 .text.umount_main
                0x00026ce8      0x318 util-linux/lib.a(umount.o)
                0x00026ce8                umount_main
 .text.arp_show
                0x00027000      0x330 atpconfig/lib.a(arp.o)
 .text.arp_main
                0x00027330      0xa74 atpconfig/lib.a(arp.o)
                0x00027330                arp_main
 .text.ATPUpgradePrecheckInit
                0x00027da4       0x20 atpconfig/lib.a(atpcommon.o)
                0x00027da4                ATPUpgradePrecheckInit
 .text.ATPUpgradePrecheckProc
                0x00027dc4      0x13c atpconfig/lib.a(atpcommon.o)
                0x00027dc4                ATPUpgradePrecheckProc
 .text.ATPUpgradePrecheckDestroy
                0x00027f00       0x18 atpconfig/lib.a(atpcommon.o)
                0x00027f00                ATPUpgradePrecheckDestroy
 .text.AddOrDelTablesRule
                0x00027f18      0x10c atpconfig/lib.a(atpcommon.o)
                0x00027f18                AddOrDelTablesRule
 .text.ATP_UTIL_GetIfcStatInfo
                0x00028024      0x26c atpconfig/lib.a(atpcommon.o)
                0x00028024                ATP_UTIL_GetIfcStatInfo
 .text.GetCurDateTime
                0x00028290       0x88 atpconfig/lib.a(atpcommon.o)
                0x00028290                GetCurDateTime
 .text.diag_copy_fd_with_timeout
                0x00028318      0x108 atpconfig/lib.a(atpcommon.o)
                0x00028318                diag_copy_fd_with_timeout
 .text.SetUpDiagState
                0x00028420      0x138 atpconfig/lib.a(atpcommon.o)
                0x00028420                SetUpDiagState
 .text.SetDownDiagState
                0x00028558      0x14c atpconfig/lib.a(atpcommon.o)
                0x00028558                SetDownDiagState
 .text.SetDiagState
                0x000286a4       0x14 atpconfig/lib.a(atpcommon.o)
                0x000286a4                SetDiagState
 .text.ATP_TransHostname2IP
                0x000286b8      0x164 atpconfig/lib.a(atpcommon.o)
                0x000286b8                ATP_TransHostname2IP
 .text.atp_copy_fd_with_timeoutEx
                0x0002881c      0x180 atpconfig/lib.a(atpcommon.o)
                0x0002881c                atp_copy_fd_with_timeoutEx
 .text.atp_copy_fd_with_timeout
                0x0002899c       0x1c atpconfig/lib.a(atpcommon.o)
                0x0002899c                atp_copy_fd_with_timeout
 .text.atp_setup_alarm
                0x000289b8       0x54 atpconfig/lib.a(atpcommon.o)
                0x000289b8                atp_setup_alarm
 .text.transfer_timeout
                0x00028a0c       0x54 atpconfig/lib.a(atpcommon.o)
 .text.xconnect_tr143
                0x00028a60       0x7c atpconfig/lib.a(atpcommon.o)
                0x00028a60                xconnect_tr143
 .text.xbind_connect_tr143
                0x00028adc       0xf0 atpconfig/lib.a(atpcommon.o)
                0x00028adc                xbind_connect_tr143
 .text.xbind_connect
                0x00028bcc       0x5c atpconfig/lib.a(atpcommon.o)
                0x00028bcc                xbind_connect
 .text.ftpcmd   0x00028c28      0x11c atpconfig/lib.a(ftpgetput.o)
 .text.ftp_die  0x00028d44       0x54 atpconfig/lib.a(ftpgetput.o)
 .text.ftpget_main
                0x00028d98      0x6d4 atpconfig/lib.a(ftpgetput.o)
                0x00028d98                ftpget_main
 .text.xconnect_ftpdata
                0x0002946c      0x148 atpconfig/lib.a(ftpgetput.o)
 .text.unlock_file
                0x000295b4       0x48 atpconfig/lib.a(ftpgetput.o)
 .text.ftp_receive
                0x000295fc      0x6d8 atpconfig/lib.a(ftpgetput.o)
 .text.ftp_send
                0x00029cd4      0x3b0 atpconfig/lib.a(ftpgetput.o)
 .text.handy_dns_lookup
                0x0002a084      0x9dc atpconfig/lib.a(gplgethostbyname.o)
 .text.gethostbyname_handy_r
                0x0002aa60      0x22c atpconfig/lib.a(gplgethostbyname.o)
 .text.handy_gethostbyname2_r
                0x0002ac8c      0x2b4 atpconfig/lib.a(gplgethostbyname.o)
                0x0002ac8c                handy_gethostbyname2_r
 .text.ATP_GPL_Gethostbyname
                0x0002af40       0x3c atpconfig/lib.a(gplgethostbyname.o)
                0x0002af40                ATP_GPL_Gethostbyname
 .text.getIfIpAddr
                0x0002af7c      0x13c atpconfig/lib.a(ping.o)
 .text.ping_compensate_time
                0x0002b0b8       0xa8 atpconfig/lib.a(ping.o)
 .text.sendping6
                0x0002b160       0xd4 atpconfig/lib.a(ping.o)
 .text.sendping4
                0x0002b234      0x13c atpconfig/lib.a(ping.o)
 .text.PingToLogWeb
                0x0002b370      0x28c atpconfig/lib.a(ping.o)
 .text.unpack_tail
                0x0002b5fc      0x174 atpconfig/lib.a(ping.o)
 .text.ping6    0x0002b770      0x4b8 atpconfig/lib.a(ping.o)
 .text.ping4    0x0002bc28      0x35c atpconfig/lib.a(ping.o)
 .text.pingstats
                0x0002bf84      0x188 atpconfig/lib.a(ping.o)
 .text.atp_xhost_and_af2sockaddr
                0x0002c10c      0x224 atpconfig/lib.a(ping.o)
                0x0002c10c                atp_xhost_and_af2sockaddr
 .text.ping_main
                0x0002c330      0x368 atpconfig/lib.a(ping.o)
                0x0002c330                ping_main
 .text.ping6_main
                0x0002c698       0x14 atpconfig/lib.a(ping.o)
                0x0002c698                ping6_main
 .text.deltaT   0x0002c6ac       0x6c atpconfig/lib.a(traceroute6.o)
                0x0002c6ac                deltaT
 .text.pr_type  0x0002c718       0x84 atpconfig/lib.a(traceroute6.o)
                0x0002c718                pr_type
 .text.usage    0x0002c79c       0x24 atpconfig/lib.a(traceroute6.o)
                0x0002c79c                usage
 .text.print    0x0002c7c0       0xd0 atpconfig/lib.a(traceroute6.o)
                0x0002c7c0                print
 .text.packet_ok
                0x0002c890      0x174 atpconfig/lib.a(traceroute6.o)
                0x0002c890                packet_ok
 .text.send_probe
                0x0002ca04      0x160 atpconfig/lib.a(traceroute6.o)
                0x0002ca04                send_probe
 .text.wait_for_reply
                0x0002cb64       0xf4 atpconfig/lib.a(traceroute6.o)
                0x0002cb64                wait_for_reply
 .text.TRouteToLogWeb
                0x0002cc58      0x2d8 atpconfig/lib.a(traceroute6.o)
 .text.traceroute6_main
                0x0002cf30      0xb54 atpconfig/lib.a(traceroute6.o)
                0x0002cf30                traceroute6_main
 .text.CvtHex   0x0002da84       0x54 atpconfig/lib.a(wget.o)
 .text.safe_fgets
                0x0002dad8       0x2c atpconfig/lib.a(wget.o)
 .text.open_socket
                0x0002db04      0x1ac atpconfig/lib.a(wget.o)
 .text.build_auth_header
                0x0002dcb0      0xa20 atpconfig/lib.a(wget.o)
 .text.parse_url
                0x0002e6d0      0x1e8 atpconfig/lib.a(wget.o)
 .text.T.113    0x0002e8b8      0x114 atpconfig/lib.a(wget.o)
 .text.T.112    0x0002e9cc      0x138 atpconfig/lib.a(wget.o)
 .text.http_download
                0x0002eb04      0xdc0 atpconfig/lib.a(wget.o)
 .text.wget_main
                0x0002f8c4      0xc5c atpconfig/lib.a(wget.o)
                0x0002f8c4                wget_main
 .text.gnu_dev_major
                0x00030520       0x14 archival/lib.a(tar.o)
 .text.gnu_dev_minor
                0x00030534       0x18 archival/lib.a(tar.o)
 .text.append_file_list_to_list
                0x0003054c       0x84 archival/lib.a(tar.o)
 .text.writeTarFile
                0x000305d0      0x25c archival/lib.a(tar.o)
 .text.tar_main
                0x0003082c      0x380 archival/lib.a(tar.o)
                0x0003082c                tar_main
 .text.putOctal
                0x00030bac       0x58 archival/lib.a(tar.o)
 .text.chksum_and_xwrite
                0x00030c04       0x74 archival/lib.a(tar.o)
 .text.writeLongname
                0x00030c78       0xfc archival/lib.a(tar.o)
 .text.writeTarHeader
                0x00030d74      0x350 archival/lib.a(tar.o)
 .text.writeFileToTarball
                0x000310c4      0x2e0 archival/lib.a(tar.o)
 .text.get_header_tar_Z
                0x000313a4       0x80 archival/lib.a(tar.o)
 .text.data_extract_all
                0x00031424      0x314 archival/libunarchive/lib.a(data_extract_all.o)
                0x00031424                data_extract_all
 .text.data_extract_to_stdout
                0x00031738       0x24 archival/libunarchive/lib.a(data_extract_to_stdout.o)
                0x00031738                data_extract_to_stdout
 .text.data_skip
                0x0003175c       0x20 archival/libunarchive/lib.a(data_skip.o)
                0x0003175c                data_skip
 .text.dealloc_bunzip
                0x0003177c       0x20 archival/libunarchive/lib.a(decompress_bunzip2.o)
                0x0003177c                dealloc_bunzip
 .text.get_bits
                0x0003179c       0xd8 archival/libunarchive/lib.a(decompress_bunzip2.o)
 .text.start_bunzip
                0x00031874       0xec archival/libunarchive/lib.a(decompress_bunzip2.o)
                0x00031874                start_bunzip
 .text.get_next_block
                0x00031960      0x8e8 archival/libunarchive/lib.a(decompress_bunzip2.o)
 .text.read_bunzip
                0x00032248      0x180 archival/libunarchive/lib.a(decompress_bunzip2.o)
                0x00032248                read_bunzip
 .text.unpack_bz2_stream
                0x000323c8       0xe0 archival/libunarchive/lib.a(decompress_bunzip2.o)
                0x000323c8                unpack_bz2_stream
 .text.uncompress
                0x000324a8      0x4b0 archival/libunarchive/lib.a(decompress_uncompress.o)
                0x000324a8                uncompress
 .text.filter_accept_reject_list
                0x00032958       0x54 archival/libunarchive/lib.a(filter_accept_reject_list.o)
                0x00032958                filter_accept_reject_list
 .text.find_list_entry2
                0x000329ac       0xb8 archival/libunarchive/lib.a(find_list_entry.o)
                0x000329ac                find_list_entry2
 .text.find_list_entry
                0x00032a64       0x40 archival/libunarchive/lib.a(find_list_entry.o)
                0x00032a64                find_list_entry
 .text.getOctal
                0x00032aa4       0x50 archival/libunarchive/lib.a(get_header_tar.o)
 .text.get_header_tar
                0x00032af4      0x608 archival/libunarchive/lib.a(get_header_tar.o)
                0x00032af4                get_header_tar
 .text.get_header_tar_bz2
                0x000330fc       0x54 archival/libunarchive/lib.a(get_header_tar_bz2.o)
                0x000330fc                get_header_tar_bz2
 .text.get_header_tar_gz
                0x00033150       0x88 archival/libunarchive/lib.a(get_header_tar_gz.o)
                0x00033150                get_header_tar_gz
 .text.header_list
                0x000331d8       0x14 archival/libunarchive/lib.a(header_list.o)
                0x000331d8                header_list
 .text.header_verbose_list
                0x000331ec       0xb0 archival/libunarchive/lib.a(header_verbose_list.o)
                0x000331ec                header_verbose_list
 .text.init_handle
                0x0003329c       0x58 archival/libunarchive/lib.a(init_handle.o)
                0x0003329c                init_handle
 .text.open_transformer
                0x000332f4       0x68 archival/libunarchive/lib.a(open_transformer.o)
                0x000332f4                open_transformer
 .text.seek_by_jump
                0x0003335c       0x3c archival/libunarchive/lib.a(seek_by_jump.o)
                0x0003335c                seek_by_jump
 .text.seek_by_read
                0x00033398       0x20 archival/libunarchive/lib.a(seek_by_read.o)
                0x00033398                seek_by_read
 .text.data_align
                0x000333b8       0x7c archival/libunarchive/lib.a(data_align.o)
                0x000333b8                data_align
 .text.inflate_codes_setup
                0x00033434       0x4c archival/libunarchive/lib.a(decompress_unzip.o)
 .text.calculate_gunzip_crc
                0x00033480       0x58 archival/libunarchive/lib.a(decompress_unzip.o)
 .text.huft_free
                0x000334d8       0x28 archival/libunarchive/lib.a(decompress_unzip.o)
 .text.huft_free_all
                0x00033500       0x2c archival/libunarchive/lib.a(decompress_unzip.o)
 .text.buffer_read_le_u32
                0x0003352c       0x38 archival/libunarchive/lib.a(decompress_unzip.o)
 .text.huft_build
                0x00033564      0x5ac archival/libunarchive/lib.a(decompress_unzip.o)
 .text.abort_unzip
                0x00033b10       0x14 archival/libunarchive/lib.a(decompress_unzip.o)
 .text.fill_bitbuffer
                0x00033b24       0xac archival/libunarchive/lib.a(decompress_unzip.o)
 .text.inflate_block
                0x00033bd0      0x618 archival/libunarchive/lib.a(decompress_unzip.o)
 .text.inflate_unzip_internal
                0x000341e8      0x5b4 archival/libunarchive/lib.a(decompress_unzip.o)
 .text.top_up   0x0003479c       0x90 archival/libunarchive/lib.a(decompress_unzip.o)
 .text.unpack_gz_stream
                0x0003482c      0x280 archival/libunarchive/lib.a(decompress_unzip.o)
                0x0003482c                unpack_gz_stream
 .text.filter_accept_all
                0x00034aac       0x14 archival/libunarchive/lib.a(filter_accept_all.o)
                0x00034aac                filter_accept_all
 .text.header_skip
                0x00034ac0        0x4 archival/libunarchive/lib.a(header_skip.o)
                0x00034ac0                header_skip
 .text.setconsole_main
                0x00034ac4       0xa8 console-tools/lib.a(setconsole.o)
                0x00034ac4                setconsole_main
 .text.bb_cat   0x00034b6c       0x8c coreutils/lib.a(cat.o)
                0x00034b6c                bb_cat
 .text.cat_main
                0x00034bf8       0x30 coreutils/lib.a(cat.o)
                0x00034bf8                cat_main
 .text.chmod_main
                0x00034c28       0xec coreutils/lib.a(chmod.o)
                0x00034c28                chmod_main
 .text.fileAction
                0x00034d14       0x90 coreutils/lib.a(chmod.o)
 .text.cp_main  0x00034da4      0x13c coreutils/lib.a(cp.o)
                0x00034da4                cp_main
 .text.maybe_set_utc
                0x00034ee0       0x1c coreutils/lib.a(date.o)
 .text.date_main
                0x00034efc      0x4d8 coreutils/lib.a(date.o)
                0x00034efc                date_main
 .text.echo_main
                0x000353d4      0x1f0 coreutils/lib.a(echo.o)
                0x000353d4                echo_main
 .text.count_dirs
                0x000355c4       0x80 coreutils/lib.a(ls.o)
 .text.my_stat  0x00035644       0xbc coreutils/lib.a(ls.o)
 .text.dnalloc  0x00035700       0x1c coreutils/lib.a(ls.o)
 .text.splitdnarray
                0x0003571c       0xdc coreutils/lib.a(ls.o)
 .text.showfiles
                0x000357f8      0x494 coreutils/lib.a(ls.o)
 .text.ls_main  0x00035c8c      0x3c4 coreutils/lib.a(ls.o)
                0x00035c8c                ls_main
 .text.mkdir_main
                0x00036050       0xb4 coreutils/lib.a(mkdir.o)
                0x00036050                mkdir_main
 .text.mknod_main
                0x00036104       0xf0 coreutils/lib.a(mknod.o)
                0x00036104                mknod_main
 .text.mv_main  0x000361f4      0x23c coreutils/lib.a(mv.o)
                0x000361f4                mv_main
 .text.rm_main  0x00036430       0xe4 coreutils/lib.a(rm.o)
                0x00036430                rm_main
 .text.sleep_main
                0x00036514       0x28 coreutils/lib.a(sleep.o)
                0x00036514                sleep_main
 .text.t_lex    0x0003653c       0x68 coreutils/lib.a(test.o)
 .text.syntax   0x000365a4       0x54 coreutils/lib.a(test.o)
 .text.getn     0x000365f8       0x74 coreutils/lib.a(test.o)
 .text.binop    0x0003666c      0x23c coreutils/lib.a(test.o)
 .text.nexpr    0x000368a8      0x3cc coreutils/lib.a(test.o)
 .text.aexpr    0x00036c74       0x74 coreutils/lib.a(test.o)
 .text.oexpr    0x00036ce8       0x74 coreutils/lib.a(test.o)
 .text.test_main
                0x00036d5c      0x214 coreutils/lib.a(test.o)
                0x00036d5c                test_main
 .text.usleep_main
                0x00036f70       0x28 coreutils/lib.a(usleep.o)
                0x00036f70                usleep_main
 .text.cp_mv_stat2
                0x00036f98       0x6c coreutils/libcoreutils/lib.a(cp_mv_stat.o)
                0x00036f98                cp_mv_stat2
 .text.cp_mv_stat
                0x00037004        0xc coreutils/libcoreutils/lib.a(cp_mv_stat.o)
                0x00037004                cp_mv_stat
 .text.getopt_mk_fifo_nod
                0x00037010       0x5c coreutils/libcoreutils/lib.a(getopt_mk_fifo_nod.o)
                0x00037010                getopt_mk_fifo_nod
 .text.check    0x0003706c      0x190 debianutils/lib.a(start_stop_daemon.o)
 .text.do_procinit
                0x000371fc       0xec debianutils/lib.a(start_stop_daemon.o)
 .text.start_stop_daemon_main
                0x000372e8      0x3c8 debianutils/lib.a(start_stop_daemon.o)
                0x000372e8                start_stop_daemon_main
 .text.hashidx  0x000376b0       0x30 editors/lib.a(awk.o)
 .text.skip_spaces
                0x000376e0       0x60 editors/lib.a(awk.o)
 .text.nextword
                0x00037740       0x20 editors/lib.a(awk.o)
 .text.rollback_token
                0x00037760       0x18 editors/lib.a(awk.o)
 .text.nextarg  0x00037778       0x38 editors/lib.a(awk.o)
 .text.hash_init
                0x000377b0       0x30 editors/lib.a(awk.o)
 .text.iamarray
                0x000377e0       0x40 editors/lib.a(awk.o)
 .text.new_node
                0x00037820       0x30 editors/lib.a(awk.o)
 .text.nvalloc  0x00037850      0x108 editors/lib.a(awk.o)
 .text.qrealloc
                0x00037958       0x3c editors/lib.a(awk.o)
 .text.clrvar   0x00037994       0x44 editors/lib.a(awk.o)
 .text.fsrealloc
                0x000379d8       0xd0 editors/lib.a(awk.o)
 .text.clear_array
                0x00037aa8       0x6c editors/lib.a(awk.o)
 .text.zero_out_var
                0x00037b14       0x18 editors/lib.a(awk.o)
 .text.chain_node
                0x00037b2c       0x9c editors/lib.a(awk.o)
 .text.mk_re_node
                0x00037bc8       0x4c editors/lib.a(awk.o)
 .text.mk_splitter
                0x00037c14       0x60 editors/lib.a(awk.o)
 .text.getvar_i
                0x00037c74       0xb0 editors/lib.a(awk.o)
 .text.is_numeric
                0x00037d24       0x28 editors/lib.a(awk.o)
 .text.istrue   0x00037d4c       0x60 editors/lib.a(awk.o)
 .text.hash_search
                0x00037dac       0x54 editors/lib.a(awk.o)
 .text.hash_find
                0x00037e00      0x124 editors/lib.a(awk.o)
 .text.hash_remove
                0x00037f24       0x8c editors/lib.a(awk.o)
 .text.nextchar
                0x00037fb0       0x48 editors/lib.a(awk.o)
 .text.syntax_error
                0x00037ff8       0x24 editors/lib.a(awk.o)
 .text.fmt_num  0x0003801c      0x10c editors/lib.a(awk.o)
 .text.getvar_s
                0x00038128       0x94 editors/lib.a(awk.o)
 .text.handle_special
                0x000381bc      0x1c8 editors/lib.a(awk.o)
 .text.setvar_p
                0x00038384       0x28 editors/lib.a(awk.o)
 .text.setvar_s
                0x000383ac       0x3c editors/lib.a(awk.o)
 .text.setvar_u
                0x000383e8       0x24 editors/lib.a(awk.o)
 .text.is_assignment
                0x0003840c       0xd4 editors/lib.a(awk.o)
 .text.setari_u
                0x000384e0       0x44 editors/lib.a(awk.o)
 .text.setvar_i
                0x00038524       0x3c editors/lib.a(awk.o)
 .text.incvar   0x00038560       0x30 editors/lib.a(awk.o)
 .text.awk_getline
                0x00038590      0x2d8 editors/lib.a(awk.o)
 .text.copyvar  0x00038868       0x68 editors/lib.a(awk.o)
 .text.awk_split
                0x000388d0      0x2a8 editors/lib.a(awk.o)
 .text.split_f0
                0x00038b78       0xd8 editors/lib.a(awk.o)
 .text.next_token
                0x00038c50      0x4c8 editors/lib.a(awk.o)
 .text.parse_expr
                0x00039118      0x330 editors/lib.a(awk.o)
 .text.condition
                0x00039448       0x18 editors/lib.a(awk.o)
 .text.chain_expr
                0x00039460       0x40 editors/lib.a(awk.o)
 .text.chain_group
                0x000394a0      0x2c8 editors/lib.a(awk.o)
 .text.parse_program
                0x00039768      0x174 editors/lib.a(awk.o)
 .text.chain_loop
                0x000398dc       0x90 editors/lib.a(awk.o)
 .text.nvfree   0x0003996c       0xe8 editors/lib.a(awk.o)
 .text.T.252    0x00039a54       0x3c editors/lib.a(awk.o)
 .text.next_input_file
                0x00039a90      0x12c editors/lib.a(awk.o)
 .text.evaluate
                0x00039bbc     0x173c editors/lib.a(awk.o)
 .text.awk_exit
                0x0003b2f8       0xa0 editors/lib.a(awk.o)
 .text.as_regex
                0x0003b398       0x8c editors/lib.a(awk.o)
 .text.awk_sub  0x0003b424      0x284 editors/lib.a(awk.o)
 .text.awk_printf
                0x0003b6a8      0x20c editors/lib.a(awk.o)
 .text.ptest    0x0003b8b4       0x20 editors/lib.a(awk.o)
 .text.awk_main
                0x0003b8d4      0x500 editors/lib.a(awk.o)
                0x0003b8d4                awk_main
 .text.isqrt    0x0003bdd4       0x4c editors/lib.a(diff.o)
 .text.sort     0x0003be20       0xe8 editors/lib.a(diff.o)
 .text.asciifile
                0x0003bf08        0x8 editors/lib.a(diff.o)
 .text.newcand  0x0003bf10       0x8c editors/lib.a(diff.o)
 .text.prepare  0x0003bf9c      0x1d8 editors/lib.a(diff.o)
 .text.skipline
                0x0003c174       0x68 editors/lib.a(diff.o)
 .text.uni_range
                0x0003c1dc       0x44 editors/lib.a(diff.o)
 .text.fetch    0x0003c220      0x214 editors/lib.a(diff.o)
 .text.dump_unified_vec
                0x0003c434      0x1d4 editors/lib.a(diff.o)
 .text.change   0x0003c608      0x1bc editors/lib.a(diff.o)
 .text.diff_main
                0x0003c7c4     0x1328 editors/lib.a(diff.o)
                0x0003c7c4                diff_main
 .text.parse_escapes
                0x0003daec       0x74 editors/lib.a(sed.o)
 .text.index_of_next_unescaped_regexp_delim
                0x0003db60       0xbc editors/lib.a(sed.o)
 .text.copy_parsing_escapes
                0x0003dc1c       0x60 editors/lib.a(sed.o)
 .text.parse_regex_delim
                0x0003dc7c       0x80 editors/lib.a(sed.o)
 .text.get_address
                0x0003dcfc       0xf0 editors/lib.a(sed.o)
 .text.parse_file_cmd
                0x0003ddec       0x94 editors/lib.a(sed.o)
 .text.add_cmd  0x0003de80      0x5b0 editors/lib.a(sed.o)
 .text.add_cmd_block
                0x0003e430       0x90 editors/lib.a(sed.o)
 .text.add_input_file
                0x0003e4c0       0x40 editors/lib.a(sed.o)
 .text.pipe_putc
                0x0003e500       0x58 editors/lib.a(sed.o)
 .text.append   0x0003e558       0x20 editors/lib.a(sed.o)
 .text.puts_maybe_newline
                0x0003e578      0x14c editors/lib.a(sed.o)
 .text.flush_append
                0x0003e6c4       0x48 editors/lib.a(sed.o)
 .text.get_next_line
                0x0003e70c       0xfc editors/lib.a(sed.o)
 .text.process_files
                0x0003e808      0xa50 editors/lib.a(sed.o)
 .text.sed_main
                0x0003f258      0x2fc editors/lib.a(sed.o)
                0x0003f258                sed_main
 .text.cleanup_outname
                0x0003f554       0x20 editors/lib.a(sed.o)
 .text.add_grep_list_data
                0x0003f574       0x1c findutils/lib.a(grep.o)
 .text.T.24     0x0003f590       0x80 findutils/lib.a(grep.o)
 .text.grep_file
                0x0003f610      0x21c findutils/lib.a(grep.o)
 .text.grep_main
                0x0003f82c      0x2f0 findutils/lib.a(grep.o)
                0x0003f82c                grep_main
 .text.file_action_grep
                0x0003fb1c       0x80 findutils/lib.a(grep.o)
 .text.halt_main
                0x0003fb9c      0x190 init/lib.a(halt.o)
                0x0003fb9c                halt_main
 .text.cont_handler
                0x0003fd2c       0x14 init/lib.a(init.o)
 .text.loop_forever
                0x0003fd40       0x10 init/lib.a(init.o)
 .text.init_reboot
                0x0003fd50       0x38 init/lib.a(init.o)
 .text.set_sane_term
                0x0003fd88       0xb0 init/lib.a(init.o)
 .text.new_init_action
                0x0003fe38       0xc0 init/lib.a(init.o)
 .text.delete_init_action
                0x0003fef8       0x50 init/lib.a(init.o)
 .text.message  0x0003ff48      0x114 init/lib.a(init.o)
 .text.parse_inittab
                0x0004005c      0x290 init/lib.a(init.o)
 .text.stop_handler
                0x000402ec       0x48 init/lib.a(init.o)
 .text.shutdown_system
                0x00040334      0x120 init/lib.a(init.o)
 .text.shutdown_signal
                0x00040454       0x78 init/lib.a(init.o)
 .text.open_stdio_to_tty
                0x000404cc       0xa0 init/lib.a(init.o)
 .text.run      0x0004056c      0x284 init/lib.a(init.o)
 .text.run_actions
                0x000407f0       0xdc init/lib.a(init.o)
 .text.init_main
                0x000408cc      0x3dc init/lib.a(init.o)
                0x000408cc                init_main
 .text.reload_signal
                0x00040ca8       0x78 init/lib.a(init.o)
 .text.ctrlaltdel_signal
                0x00040d20        0x8 init/lib.a(init.o)
 .text.exec_signal
                0x00040d28      0x14c init/lib.a(init.o)
 .text.bb_ask_confirmation
                0x00040e74       0xa0 libbb/lib.a(ask_confirmation.o)
                0x00040e74                bb_ask_confirmation
 .text.get_ug_id
                0x00040f14       0x40 libbb/lib.a(bb_pwd.o)
                0x00040f14                get_ug_id
 .text.xuname2uid
                0x00040f54       0x2c libbb/lib.a(bb_pwd.o)
                0x00040f54                xuname2uid
 .text.xgroup2gid
                0x00040f80       0x2c libbb/lib.a(bb_pwd.o)
                0x00040f80                xgroup2gid
 .text.bb_getug
                0x00040fac       0x74 libbb/lib.a(bb_pwd.o)
 .text.bb_getgrgid
                0x00041020       0x40 libbb/lib.a(bb_pwd.o)
                0x00041020                bb_getgrgid
 .text.bb_getpwuid
                0x00041060       0x40 libbb/lib.a(bb_pwd.o)
                0x00041060                bb_getpwuid
 .text.ret_ERANGE
                0x000410a0       0x20 libbb/lib.a(bb_strtonum.o)
 .text.handle_errors
                0x000410c0       0x70 libbb/lib.a(bb_strtonum.o)
 .text.bb_strtol
                0x00041130       0x6c libbb/lib.a(bb_strtonum.o)
                0x00041130                bb_strtol
 .text.bb_strtoul
                0x0004119c       0x64 libbb/lib.a(bb_strtonum.o)
                0x0004119c                bb_strtoul
 .text.bb_strtoull
                0x00041200       0x60 libbb/lib.a(bb_strtonum.o)
                0x00041200                bb_strtoull
 .text.change_identity_e2str
                0x00041260       0x44 libbb/lib.a(change_identity.o)
                0x00041260                change_identity_e2str
 .text.change_identity
                0x000412a4       0x18 libbb/lib.a(change_identity.o)
                0x000412a4                change_identity
 .text.index_in_strings
                0x000412bc       0x58 libbb/lib.a(compare_string_array.o)
                0x000412bc                index_in_strings
 .text.ask_and_unlink
                0x00041314       0x74 libbb/lib.a(copy_file.o)
 .text.copy_file
                0x00041388      0x5d4 libbb/lib.a(copy_file.o)
                0x00041388                copy_file
 .text.correct_password
                0x0004195c       0xe4 libbb/lib.a(correct_password.o)
                0x0004195c                correct_password
 .text.crc32_filltable
                0x00041a40       0x88 libbb/lib.a(crc32.o)
                0x00041a40                crc32_filltable
 .text.create_icmp6_socket
                0x00041ac8       0x70 libbb/lib.a(create_icmp6_socket.o)
                0x00041ac8                create_icmp6_socket
 .text.create_icmp_socket
                0x00041b38       0x70 libbb/lib.a(create_icmp_socket.o)
                0x00041b38                create_icmp_socket
 .text.device_open
                0x00041ba8       0x60 libbb/lib.a(device_open.o)
                0x00041ba8                device_open
 .text.bb_execvp
                0x00041c08       0x34 libbb/lib.a(execable.o)
                0x00041c08                bb_execvp
 .text.fclose_if_not_stdin
                0x00041c3c       0x24 libbb/lib.a(fclose_nonstdin.o)
                0x00041c3c                fclose_if_not_stdin
 .text.fflush_stdout_and_exit
                0x00041c60       0x4c libbb/lib.a(fflush_stdout_and_exit.o)
                0x00041c60                fflush_stdout_and_exit
 .text.find_pid_by_name
                0x00041cac       0xa4 libbb/lib.a(find_pid_by_name.o)
                0x00041cac                find_pid_by_name
 .text.bb_get_chunk_from_file
                0x00041d50       0xdc libbb/lib.a(get_line_from_file.o)
                0x00041d50                bb_get_chunk_from_file
 .text.xmalloc_getline
                0x00041e2c       0x38 libbb/lib.a(get_line_from_file.o)
                0x00041e2c                xmalloc_getline
 .text.xmalloc_fgets
                0x00041e64       0x14 libbb/lib.a(get_line_from_file.o)
                0x00041e64                xmalloc_fgets
 .text.getopt32
                0x00041e78      0x5f8 libbb/lib.a(getopt32.o)
                0x00041e78                getopt32
 .text.bb_herror_msg_and_die
                0x00042470       0x30 libbb/lib.a(herror_msg_and_die.o)
                0x00042470                bb_herror_msg_and_die
 .text.INET6_rresolve
                0x000424a0       0xfc libbb/lib.a(inet_common.o)
                0x000424a0                INET6_rresolve
 .text.INET6_resolve
                0x0004259c       0x90 libbb/lib.a(inet_common.o)
                0x0004259c                INET6_resolve
 .text.INET_rresolve
                0x0004262c      0x160 libbb/lib.a(inet_common.o)
                0x0004262c                INET_rresolve
 .text.INET_resolve
                0x0004278c       0xc4 libbb/lib.a(inet_common.o)
                0x0004278c                INET_resolve
 .text.bb_info_msg
                0x00042850       0x78 libbb/lib.a(info_msg.o)
                0x00042850                bb_info_msg
 .text.is_in_ino_dev_hashtable
                0x000428c8       0x98 libbb/lib.a(inode_hash.o)
                0x000428c8                is_in_ino_dev_hashtable
 .text.add_to_ino_dev_hashtable
                0x00042960       0xb4 libbb/lib.a(inode_hash.o)
                0x00042960                add_to_ino_dev_hashtable
 .text.new_line_input_t
                0x00042a14       0x1c libbb/lib.a(lineedit.o)
                0x00042a14                new_line_input_t
 .text.put_prompt
                0x00042a30       0x44 libbb/lib.a(lineedit.o)
 .text.parse_and_put_prompt
                0x00042a74       0x24 libbb/lib.a(lineedit.o)
 .text.beep     0x00042a98       0x14 libbb/lib.a(lineedit.o)
 .text.cmdedit_set_out_char
                0x00042aac       0x7c libbb/lib.a(lineedit.o)
 .text.input_end
                0x00042b28       0x34 libbb/lib.a(lineedit.o)
 .text.goto_new_line
                0x00042b5c       0x2c libbb/lib.a(lineedit.o)
 .text.match_compare